Archive member included to satisfy reference by file (symbol)

../TesteSoftware_bsp//libhal_bsp.a(alt_load.o)
                              ../TesteSoftware_bsp//obj/HAL/src/crt0.o (alt_load)
../TesteSoftware_bsp//libhal_bsp.a(alt_main.o)
                              ../TesteSoftware_bsp//obj/HAL/src/crt0.o (alt_main)
../TesteSoftware_bsp//libhal_bsp.a(alt_sys_init.o)
                              ../TesteSoftware_bsp//libhal_bsp.a(alt_main.o) (alt_irq_init)
../TesteSoftware_bsp//libhal_bsp.a(altera_avalon_jtag_uart_fd.o)
                              ../TesteSoftware_bsp//libhal_bsp.a(alt_sys_init.o) (altera_avalon_jtag_uart_read_fd)
../TesteSoftware_bsp//libhal_bsp.a(altera_avalon_jtag_uart_init.o)
                              ../TesteSoftware_bsp//libhal_bsp.a(alt_sys_init.o) (altera_avalon_jtag_uart_init)
../TesteSoftware_bsp//libhal_bsp.a(altera_avalon_jtag_uart_ioctl.o)
                              ../TesteSoftware_bsp//libhal_bsp.a(altera_avalon_jtag_uart_fd.o) (altera_avalon_jtag_uart_ioctl)
../TesteSoftware_bsp//libhal_bsp.a(altera_avalon_jtag_uart_read.o)
                              ../TesteSoftware_bsp//libhal_bsp.a(altera_avalon_jtag_uart_fd.o) (altera_avalon_jtag_uart_read)
../TesteSoftware_bsp//libhal_bsp.a(altera_avalon_jtag_uart_write.o)
                              ../TesteSoftware_bsp//libhal_bsp.a(altera_avalon_jtag_uart_fd.o) (altera_avalon_jtag_uart_write)
../TesteSoftware_bsp//libhal_bsp.a(alt_alarm_start.o)
                              ../TesteSoftware_bsp//libhal_bsp.a(altera_avalon_jtag_uart_init.o) (alt_alarm_start)
../TesteSoftware_bsp//libhal_bsp.a(alt_close.o)
                              ../TesteSoftware_bsp//libhal_bsp.a(alt_main.o) (close)
../TesteSoftware_bsp//libhal_bsp.a(alt_dcache_flush_all.o)
                              ../TesteSoftware_bsp//libhal_bsp.a(alt_load.o) (alt_dcache_flush_all)
../TesteSoftware_bsp//libhal_bsp.a(alt_dev.o)
                              ../TesteSoftware_bsp//libhal_bsp.a(alt_sys_init.o) (alt_dev_list)
../TesteSoftware_bsp//libhal_bsp.a(alt_dev_llist_insert.o)
                              ../TesteSoftware_bsp//libhal_bsp.a(alt_sys_init.o) (alt_dev_llist_insert)
../TesteSoftware_bsp//libhal_bsp.a(alt_do_ctors.o)
                              ../TesteSoftware_bsp//libhal_bsp.a(alt_main.o) (_do_ctors)
../TesteSoftware_bsp//libhal_bsp.a(alt_do_dtors.o)
                              ../TesteSoftware_bsp//libhal_bsp.a(alt_main.o) (_do_dtors)
../TesteSoftware_bsp//libhal_bsp.a(alt_errno.o)
                              ../TesteSoftware_bsp//libhal_bsp.a(alt_close.o) (alt_errno)
../TesteSoftware_bsp//libhal_bsp.a(alt_icache_flush_all.o)
                              ../TesteSoftware_bsp//libhal_bsp.a(alt_load.o) (alt_icache_flush_all)
../TesteSoftware_bsp//libhal_bsp.a(alt_iic.o)
                              ../TesteSoftware_bsp//libhal_bsp.a(altera_avalon_jtag_uart_init.o) (alt_ic_isr_register)
../TesteSoftware_bsp//libhal_bsp.a(alt_iic_isr_register.o)
                              ../TesteSoftware_bsp//libhal_bsp.a(alt_iic.o) (alt_iic_isr_register)
../TesteSoftware_bsp//libhal_bsp.a(alt_io_redirect.o)
                              ../TesteSoftware_bsp//libhal_bsp.a(alt_main.o) (alt_io_redirect)
../TesteSoftware_bsp//libhal_bsp.a(alt_irq_entry.o)
                              ../TesteSoftware_bsp//libhal_bsp.a(alt_iic_isr_register.o) (alt_irq_entry)
../TesteSoftware_bsp//libhal_bsp.a(alt_irq_handler.o)
                              ../TesteSoftware_bsp//libhal_bsp.a(alt_iic_isr_register.o) (alt_irq)
../TesteSoftware_bsp//libhal_bsp.a(alt_irq_vars.o)
                              ../TesteSoftware_bsp//libhal_bsp.a(alt_iic.o) (alt_irq_active)
../TesteSoftware_bsp//libhal_bsp.a(alt_open.o)
                              ../TesteSoftware_bsp//libhal_bsp.a(alt_io_redirect.o) (open)
../TesteSoftware_bsp//libhal_bsp.a(alt_release_fd.o)
                              ../TesteSoftware_bsp//libhal_bsp.a(alt_close.o) (alt_release_fd)
../TesteSoftware_bsp//libhal_bsp.a(alt_tick.o)
                              ../TesteSoftware_bsp//libhal_bsp.a(altera_avalon_jtag_uart_init.o) (_alt_tick_rate)
../TesteSoftware_bsp//libhal_bsp.a(altera_nios2_gen2_irq.o)
                              ../TesteSoftware_bsp//libhal_bsp.a(alt_sys_init.o) (altera_nios2_gen2_irq_init)
../TesteSoftware_bsp//libhal_bsp.a(alt_exception_entry.o)
                              ../TesteSoftware_bsp//libhal_bsp.a(alt_irq_entry.o) (alt_exception)
../TesteSoftware_bsp//libhal_bsp.a(alt_find_dev.o)
                              ../TesteSoftware_bsp//libhal_bsp.a(alt_open.o) (alt_find_dev)
../TesteSoftware_bsp//libhal_bsp.a(alt_find_file.o)
                              ../TesteSoftware_bsp//libhal_bsp.a(alt_open.o) (alt_find_file)
../TesteSoftware_bsp//libhal_bsp.a(alt_get_fd.o)
                              ../TesteSoftware_bsp//libhal_bsp.a(alt_open.o) (alt_get_fd)
../TesteSoftware_bsp//libhal_bsp.a(alt_instruction_exception_entry.o)
                              ../TesteSoftware_bsp//libhal_bsp.a(alt_exception_entry.o) (alt_instruction_exception_entry)
/home/erick/intelFPGA_lite/18.1/nios2eds/bin/gnu/H-x86_64-pc-linux-gnu/bin/../lib/gcc/nios2-elf/5.3.0/../../../../../H-x86_64-pc-linux-gnu/nios2-elf/lib/mno-hw-mul/libc.a(lib_a-atexit.o)
                              ../TesteSoftware_bsp//libhal_bsp.a(alt_main.o) (atexit)
/home/erick/intelFPGA_lite/18.1/nios2eds/bin/gnu/H-x86_64-pc-linux-gnu/bin/../lib/gcc/nios2-elf/5.3.0/../../../../../H-x86_64-pc-linux-gnu/nios2-elf/lib/mno-hw-mul/libc.a(lib_a-exit.o)
                              ../TesteSoftware_bsp//libhal_bsp.a(alt_main.o) (exit)
/home/erick/intelFPGA_lite/18.1/nios2eds/bin/gnu/H-x86_64-pc-linux-gnu/bin/../lib/gcc/nios2-elf/5.3.0/../../../../../H-x86_64-pc-linux-gnu/nios2-elf/lib/mno-hw-mul/libc.a(lib_a-impure.o)
                              /home/erick/intelFPGA_lite/18.1/nios2eds/bin/gnu/H-x86_64-pc-linux-gnu/bin/../lib/gcc/nios2-elf/5.3.0/../../../../../H-x86_64-pc-linux-gnu/nios2-elf/lib/mno-hw-mul/libc.a(lib_a-exit.o) (_global_impure_ptr)
/home/erick/intelFPGA_lite/18.1/nios2eds/bin/gnu/H-x86_64-pc-linux-gnu/bin/../lib/gcc/nios2-elf/5.3.0/../../../../../H-x86_64-pc-linux-gnu/nios2-elf/lib/mno-hw-mul/libc.a(lib_a-int_errno.o)
                              ../TesteSoftware_bsp//libhal_bsp.a(alt_close.o) (errno)
/home/erick/intelFPGA_lite/18.1/nios2eds/bin/gnu/H-x86_64-pc-linux-gnu/bin/../lib/gcc/nios2-elf/5.3.0/../../../../../H-x86_64-pc-linux-gnu/nios2-elf/lib/mno-hw-mul/libc.a(lib_a-memcmp.o)
                              ../TesteSoftware_bsp//libhal_bsp.a(alt_find_dev.o) (memcmp)
/home/erick/intelFPGA_lite/18.1/nios2eds/bin/gnu/H-x86_64-pc-linux-gnu/bin/../lib/gcc/nios2-elf/5.3.0/../../../../../H-x86_64-pc-linux-gnu/nios2-elf/lib/mno-hw-mul/libc.a(lib_a-memcpy.o)
                              ../TesteSoftware_bsp//libhal_bsp.a(altera_avalon_jtag_uart_read.o) (memcpy)
/home/erick/intelFPGA_lite/18.1/nios2eds/bin/gnu/H-x86_64-pc-linux-gnu/bin/../lib/gcc/nios2-elf/5.3.0/../../../../../H-x86_64-pc-linux-gnu/nios2-elf/lib/mno-hw-mul/libc.a(lib_a-strlen.o)
                              ../TesteSoftware_bsp//libhal_bsp.a(alt_find_dev.o) (strlen)
/home/erick/intelFPGA_lite/18.1/nios2eds/bin/gnu/H-x86_64-pc-linux-gnu/bin/../lib/gcc/nios2-elf/5.3.0/../../../../../H-x86_64-pc-linux-gnu/nios2-elf/lib/mno-hw-mul/libc.a(lib_a-__atexit.o)
                              /home/erick/intelFPGA_lite/18.1/nios2eds/bin/gnu/H-x86_64-pc-linux-gnu/bin/../lib/gcc/nios2-elf/5.3.0/../../../../../H-x86_64-pc-linux-gnu/nios2-elf/lib/mno-hw-mul/libc.a(lib_a-atexit.o) (__register_exitproc)
/home/erick/intelFPGA_lite/18.1/nios2eds/bin/gnu/H-x86_64-pc-linux-gnu/bin/../lib/gcc/nios2-elf/5.3.0/../../../../../H-x86_64-pc-linux-gnu/nios2-elf/lib/mno-hw-mul/libc.a(lib_a-__call_atexit.o)
                              /home/erick/intelFPGA_lite/18.1/nios2eds/bin/gnu/H-x86_64-pc-linux-gnu/bin/../lib/gcc/nios2-elf/5.3.0/../../../../../H-x86_64-pc-linux-gnu/nios2-elf/lib/mno-hw-mul/libc.a(lib_a-exit.o) (__call_exitprocs)
/home/erick/intelFPGA_lite/18.1/nios2eds/bin/gnu/H-x86_64-pc-linux-gnu/bin/../lib/gcc/nios2-elf/5.3.0/mno-hw-mul/libgcc.a(lib2-mul.o)
                              ../TesteSoftware_bsp//libhal_bsp.a(alt_close.o) (__mulsi3)
../TesteSoftware_bsp//libhal_bsp.a(alt_exit.o)
                              /home/erick/intelFPGA_lite/18.1/nios2eds/bin/gnu/H-x86_64-pc-linux-gnu/bin/../lib/gcc/nios2-elf/5.3.0/../../../../../H-x86_64-pc-linux-gnu/nios2-elf/lib/mno-hw-mul/libc.a(lib_a-exit.o) (_exit)

Allocating common symbols
Common symbol       size              file

alt_irq             0x100             ../TesteSoftware_bsp//libhal_bsp.a(alt_irq_handler.o)
errno               0x4               /home/erick/intelFPGA_lite/18.1/nios2eds/bin/gnu/H-x86_64-pc-linux-gnu/bin/../lib/gcc/nios2-elf/5.3.0/../../../../../H-x86_64-pc-linux-gnu/nios2-elf/lib/mno-hw-mul/libc.a(lib_a-int_errno.o)
i                   0x4               obj/default/hello_world.o

Memory Configuration

Name             Origin             Length             Attributes
MemoriaDeDados   0x0000000000000000 0x0000000000010000
reset            0x0000000000020000 0x0000000000000020
MemoriaDePrograma 0x0000000000020020 0x000000000000ffe0
*default*        0x0000000000000000 0xffffffffffffffff

Linker script and memory map

LOAD ../TesteSoftware_bsp//obj/HAL/src/crt0.o
LOAD obj/default/hello_world.o
LOAD /home/erick/intelFPGA_lite/18.1/nios2eds/bin/gnu/H-x86_64-pc-linux-gnu/bin/../lib/gcc/nios2-elf/5.3.0/../../../../../H-x86_64-pc-linux-gnu/nios2-elf/lib/mno-hw-mul/libstdc++.a
LOAD /home/erick/intelFPGA_lite/18.1/nios2eds/bin/gnu/H-x86_64-pc-linux-gnu/bin/../lib/gcc/nios2-elf/5.3.0/../../../../../H-x86_64-pc-linux-gnu/nios2-elf/lib/mno-hw-mul/libm.a
LOAD /home/erick/intelFPGA_lite/18.1/nios2eds/bin/gnu/H-x86_64-pc-linux-gnu/bin/../lib/gcc/nios2-elf/5.3.0/mno-hw-mul/libgcc.a
START GROUP
LOAD /home/erick/intelFPGA_lite/18.1/nios2eds/bin/gnu/H-x86_64-pc-linux-gnu/bin/../lib/gcc/nios2-elf/5.3.0/../../../../../H-x86_64-pc-linux-gnu/nios2-elf/lib/mno-hw-mul/libc.a
LOAD /home/erick/intelFPGA_lite/18.1/nios2eds/bin/gnu/H-x86_64-pc-linux-gnu/bin/../lib/gcc/nios2-elf/5.3.0/mno-hw-mul/libgcc.a
LOAD ../TesteSoftware_bsp//libhal_bsp.a
LOAD /home/erick/intelFPGA_lite/18.1/nios2eds/bin/gnu/H-x86_64-pc-linux-gnu/bin/../lib/gcc/nios2-elf/5.3.0/../../../../../H-x86_64-pc-linux-gnu/nios2-elf/lib/mno-hw-mul/libm.a
END GROUP
LOAD /home/erick/intelFPGA_lite/18.1/nios2eds/bin/gnu/H-x86_64-pc-linux-gnu/bin/../lib/gcc/nios2-elf/5.3.0/mno-hw-mul/libgcc.a
                0x0000000000000000                __alt_mem_MemoriaDeDados = 0x0
                0x0000000000020000                __alt_mem_MemoriaDePrograma = 0x20000

.entry          0x0000000000020000       0x20
 *(.entry)
 .entry         0x0000000000020000       0x20 ../TesteSoftware_bsp//obj/HAL/src/crt0.o
                0x0000000000020000                __reset

.exceptions     0x0000000000020020      0x210
                0x0000000000020020                PROVIDE (__ram_exceptions_start, ABSOLUTE (.))
                0x0000000000020020                . = ALIGN (0x20)
 *(.irq)
 *(.exceptions.entry.label)
 .exceptions.entry.label
                0x0000000000020020        0x0 ../TesteSoftware_bsp//libhal_bsp.a(alt_irq_entry.o)
                0x0000000000020020                alt_irq_entry
 .exceptions.entry.label
                0x0000000000020020        0x0 ../TesteSoftware_bsp//libhal_bsp.a(alt_exception_entry.o)
                0x0000000000020020                alt_exception
 *(.exceptions.entry.user)
 *(.exceptions.entry.ecc_fatal)
 *(.exceptions.entry)
 .exceptions.entry
                0x0000000000020020       0x54 ../TesteSoftware_bsp//libhal_bsp.a(alt_exception_entry.o)
 *(.exceptions.irqtest.user)
 *(.exceptions.irqtest)
 .exceptions.irqtest
                0x0000000000020074       0x10 ../TesteSoftware_bsp//libhal_bsp.a(alt_irq_entry.o)
 *(.exceptions.irqhandler.user)
 *(.exceptions.irqhandler)
 .exceptions.irqhandler
                0x0000000000020084        0x4 ../TesteSoftware_bsp//libhal_bsp.a(alt_irq_entry.o)
 *(.exceptions.irqreturn.user)
 *(.exceptions.irqreturn)
 .exceptions.irqreturn
                0x0000000000020088        0x4 ../TesteSoftware_bsp//libhal_bsp.a(alt_irq_entry.o)
 *(.exceptions.notirq.label)
 .exceptions.notirq.label
                0x000000000002008c        0x0 ../TesteSoftware_bsp//libhal_bsp.a(alt_irq_entry.o)
 *(.exceptions.notirq.user)
 *(.exceptions.notirq)
 .exceptions.notirq
                0x000000000002008c        0x8 ../TesteSoftware_bsp//libhal_bsp.a(alt_exception_entry.o)
 *(.exceptions.soft.user)
 *(.exceptions.soft)
 *(.exceptions.unknown.user)
 *(.exceptions.unknown)
 .exceptions.unknown
                0x0000000000020094       0x14 ../TesteSoftware_bsp//libhal_bsp.a(alt_exception_entry.o)
 *(.exceptions.exit.label)
 .exceptions.exit.label
                0x00000000000200a8        0x0 ../TesteSoftware_bsp//libhal_bsp.a(alt_irq_entry.o)
 .exceptions.exit.label
                0x00000000000200a8        0x0 ../TesteSoftware_bsp//libhal_bsp.a(alt_exception_entry.o)
 *(.exceptions.exit.user)
 *(.exceptions.exit)
 .exceptions.exit
                0x00000000000200a8       0x54 ../TesteSoftware_bsp//libhal_bsp.a(alt_exception_entry.o)
 *(.exceptions)
 .exceptions    0x00000000000200fc       0xd4 ../TesteSoftware_bsp//libhal_bsp.a(alt_irq_handler.o)
                0x00000000000200fc                alt_irq_handler
 .exceptions    0x00000000000201d0       0x60 ../TesteSoftware_bsp//libhal_bsp.a(alt_instruction_exception_entry.o)
                0x00000000000201d0                alt_instruction_exception_entry
                0x0000000000020230                PROVIDE (__ram_exceptions_end, ABSOLUTE (.))
                0x0000000000020020                PROVIDE (__flash_exceptions_start, LOADADDR (.exceptions))

.text           0x0000000000020230     0x2538
                [!provide]                        PROVIDE (stext, ABSOLUTE (.))
 *(.interp)
 *(.hash)
 *(.dynsym)
 *(.dynstr)
 *(.gnu.version)
 *(.gnu.version_d)
 *(.gnu.version_r)
 *(.rel.init)
 *(.rela.init)
 *(.rel.text .rel.text.* .rel.gnu.linkonce.t.*)
 *(.rela.text .rela.text.* .rela.gnu.linkonce.t.*)
 *(.rel.fini)
 *(.rela.fini)
 *(.rel.rodata .rel.rodata.* .rel.gnu.linkonce.r.*)
 *(.rela.rodata .rela.rodata.* .rela.gnu.linkonce.r.*)
 *(.rel.data .rel.data.* .rel.gnu.linkonce.d.*)
 *(.rela.data .rela.data.* .rela.gnu.linkonce.d.*)
 *(.rel.tdata .rel.tdata.* .rel.gnu.linkonce.td.*)
 *(.rela.tdata .rela.tdata.* .rela.gnu.linkonce.td.*)
 *(.rel.tbss .rel.tbss.* .rel.gnu.linkonce.tb.*)
 *(.rela.tbss .rela.tbss.* .rela.gnu.linkonce.tb.*)
 *(.rel.ctors)
 *(.rela.ctors)
 *(.rel.dtors)
 *(.rela.dtors)
 *(.rel.got)
 *(.rela.got)
 *(.rel.sdata .rel.sdata.* .rel.gnu.linkonce.s.*)
 *(.rela.sdata .rela.sdata.* .rela.gnu.linkonce.s.*)
 *(.rel.sbss .rel.sbss.* .rel.gnu.linkonce.sb.*)
 *(.rela.sbss .rela.sbss.* .rela.gnu.linkonce.sb.*)
 *(.rel.sdata2 .rel.sdata2.* .rel.gnu.linkonce.s2.*)
 *(.rela.sdata2 .rela.sdata2.* .rela.gnu.linkonce.s2.*)
 *(.rel.sbss2 .rel.sbss2.* .rel.gnu.linkonce.sb2.*)
 *(.rela.sbss2 .rela.sbss2.* .rela.gnu.linkonce.sb2.*)
 *(.rel.bss .rel.bss.* .rel.gnu.linkonce.b.*)
 *(.rela.bss .rela.bss.* .rela.gnu.linkonce.b.*)
 *(.rel.plt)
 *(.rela.plt)
 *(.rel.dyn)
 *(.init)
 *(.plt)
 *(.text .stub .text.* .gnu.linkonce.t.*)
 .text          0x0000000000020230       0x3c ../TesteSoftware_bsp//obj/HAL/src/crt0.o
                0x0000000000020230                _start
 .text          0x000000000002026c      0x2c8 obj/default/hello_world.o
                0x000000000002026c                main
 .text          0x0000000000020534       0xec ../TesteSoftware_bsp//libhal_bsp.a(alt_load.o)
                0x000000000002059c                alt_load
 .text          0x0000000000020620       0x7c ../TesteSoftware_bsp//libhal_bsp.a(alt_main.o)
                0x0000000000020620                alt_main
 .text          0x000000000002069c       0xb4 ../TesteSoftware_bsp//libhal_bsp.a(alt_sys_init.o)
                0x00000000000206d0                alt_irq_init
                0x0000000000020708                alt_sys_init
 .text          0x0000000000020750      0x164 ../TesteSoftware_bsp//libhal_bsp.a(altera_avalon_jtag_uart_fd.o)
                0x0000000000020750                altera_avalon_jtag_uart_read_fd
                0x00000000000207b0                altera_avalon_jtag_uart_write_fd
                0x0000000000020810                altera_avalon_jtag_uart_close_fd
                0x0000000000020860                altera_avalon_jtag_uart_ioctl_fd
 .text          0x00000000000208b4      0x3d4 ../TesteSoftware_bsp//libhal_bsp.a(altera_avalon_jtag_uart_init.o)
                0x00000000000208b4                altera_avalon_jtag_uart_init
                0x0000000000020c20                altera_avalon_jtag_uart_close
 .text          0x0000000000020c88       0xf0 ../TesteSoftware_bsp//libhal_bsp.a(altera_avalon_jtag_uart_ioctl.o)
                0x0000000000020c88                altera_avalon_jtag_uart_ioctl
 .text          0x0000000000020d78      0x21c ../TesteSoftware_bsp//libhal_bsp.a(altera_avalon_jtag_uart_read.o)
                0x0000000000020d78                altera_avalon_jtag_uart_read
 .text          0x0000000000020f94      0x224 ../TesteSoftware_bsp//libhal_bsp.a(altera_avalon_jtag_uart_write.o)
                0x0000000000020f94                altera_avalon_jtag_uart_write
 .text          0x00000000000211b8      0x12c ../TesteSoftware_bsp//libhal_bsp.a(alt_alarm_start.o)
                0x00000000000211b8                alt_alarm_start
 .text          0x00000000000212e4      0x114 ../TesteSoftware_bsp//libhal_bsp.a(alt_close.o)
                0x0000000000021320                close
 .text          0x00000000000213f8       0x20 ../TesteSoftware_bsp//libhal_bsp.a(alt_dcache_flush_all.o)
                0x00000000000213f8                alt_dcache_flush_all
 .text          0x0000000000021418       0x2c ../TesteSoftware_bsp//libhal_bsp.a(alt_dev.o)
 .text          0x0000000000021444       0xe0 ../TesteSoftware_bsp//libhal_bsp.a(alt_dev_llist_insert.o)
                0x0000000000021480                alt_dev_llist_insert
 .text          0x0000000000021524       0x60 ../TesteSoftware_bsp//libhal_bsp.a(alt_do_ctors.o)
                0x0000000000021524                _do_ctors
 .text          0x0000000000021584       0x60 ../TesteSoftware_bsp//libhal_bsp.a(alt_do_dtors.o)
                0x0000000000021584                _do_dtors
 .text          0x00000000000215e4        0x0 ../TesteSoftware_bsp//libhal_bsp.a(alt_errno.o)
 .text          0x00000000000215e4       0x20 ../TesteSoftware_bsp//libhal_bsp.a(alt_icache_flush_all.o)
                0x00000000000215e4                alt_icache_flush_all
 .text          0x0000000000021604      0x1b0 ../TesteSoftware_bsp//libhal_bsp.a(alt_iic.o)
                0x0000000000021604                alt_ic_isr_register
                0x0000000000021654                alt_ic_irq_enable
                0x00000000000216dc                alt_ic_irq_disable
                0x0000000000021768                alt_ic_irq_enabled
 .text          0x00000000000217b4       0xf0 ../TesteSoftware_bsp//libhal_bsp.a(alt_iic_isr_register.o)
                0x00000000000217b4                alt_iic_isr_register
 .text          0x00000000000218a4      0x160 ../TesteSoftware_bsp//libhal_bsp.a(alt_io_redirect.o)
                0x0000000000021988                alt_io_redirect
 .text          0x0000000000021a04        0x0 ../TesteSoftware_bsp//libhal_bsp.a(alt_irq_entry.o)
 .text          0x0000000000021a04        0x0 ../TesteSoftware_bsp//libhal_bsp.a(alt_irq_handler.o)
 .text          0x0000000000021a04        0x0 ../TesteSoftware_bsp//libhal_bsp.a(alt_irq_vars.o)
 .text          0x0000000000021a04      0x284 ../TesteSoftware_bsp//libhal_bsp.a(alt_open.o)
                0x0000000000021b2c                open
 .text          0x0000000000021c88       0x84 ../TesteSoftware_bsp//libhal_bsp.a(alt_release_fd.o)
                0x0000000000021c88                alt_release_fd
 .text          0x0000000000021d0c      0x1a4 ../TesteSoftware_bsp//libhal_bsp.a(alt_tick.o)
                0x0000000000021d0c                alt_alarm_stop
                0x0000000000021da8                alt_tick
 .text          0x0000000000021eb0       0x24 ../TesteSoftware_bsp//libhal_bsp.a(altera_nios2_gen2_irq.o)
                0x0000000000021eb0                altera_nios2_gen2_irq_init
 .text          0x0000000000021ed4        0x0 ../TesteSoftware_bsp//libhal_bsp.a(alt_exception_entry.o)
 .text          0x0000000000021ed4       0x90 ../TesteSoftware_bsp//libhal_bsp.a(alt_find_dev.o)
                0x0000000000021ed4                alt_find_dev
 .text          0x0000000000021f64      0x108 ../TesteSoftware_bsp//libhal_bsp.a(alt_find_file.o)
                0x0000000000021f64                alt_find_file
 .text          0x000000000002206c       0xc4 ../TesteSoftware_bsp//libhal_bsp.a(alt_get_fd.o)
                0x000000000002206c                alt_get_fd
 .text          0x0000000000022130       0x9c ../TesteSoftware_bsp//libhal_bsp.a(alt_instruction_exception_entry.o)
                0x0000000000022130                alt_exception_cause_generated_bad_addr
 .text          0x00000000000221cc        0x0 /home/erick/intelFPGA_lite/18.1/nios2eds/bin/gnu/H-x86_64-pc-linux-gnu/bin/../lib/gcc/nios2-elf/5.3.0/../../../../../H-x86_64-pc-linux-gnu/nios2-elf/lib/mno-hw-mul/libc.a(lib_a-atexit.o)
 .text.atexit   0x00000000000221cc       0x14 /home/erick/intelFPGA_lite/18.1/nios2eds/bin/gnu/H-x86_64-pc-linux-gnu/bin/../lib/gcc/nios2-elf/5.3.0/../../../../../H-x86_64-pc-linux-gnu/nios2-elf/lib/mno-hw-mul/libc.a(lib_a-atexit.o)
                0x00000000000221cc                atexit
 .text          0x00000000000221e0        0x0 /home/erick/intelFPGA_lite/18.1/nios2eds/bin/gnu/H-x86_64-pc-linux-gnu/bin/../lib/gcc/nios2-elf/5.3.0/../../../../../H-x86_64-pc-linux-gnu/nios2-elf/lib/mno-hw-mul/libc.a(lib_a-exit.o)
 .text.exit     0x00000000000221e0       0x38 /home/erick/intelFPGA_lite/18.1/nios2eds/bin/gnu/H-x86_64-pc-linux-gnu/bin/../lib/gcc/nios2-elf/5.3.0/../../../../../H-x86_64-pc-linux-gnu/nios2-elf/lib/mno-hw-mul/libc.a(lib_a-exit.o)
                0x00000000000221e0                exit
 .text          0x0000000000022218        0x0 /home/erick/intelFPGA_lite/18.1/nios2eds/bin/gnu/H-x86_64-pc-linux-gnu/bin/../lib/gcc/nios2-elf/5.3.0/../../../../../H-x86_64-pc-linux-gnu/nios2-elf/lib/mno-hw-mul/libc.a(lib_a-impure.o)
 .text          0x0000000000022218        0x0 /home/erick/intelFPGA_lite/18.1/nios2eds/bin/gnu/H-x86_64-pc-linux-gnu/bin/../lib/gcc/nios2-elf/5.3.0/../../../../../H-x86_64-pc-linux-gnu/nios2-elf/lib/mno-hw-mul/libc.a(lib_a-int_errno.o)
 .text          0x0000000000022218        0x0 /home/erick/intelFPGA_lite/18.1/nios2eds/bin/gnu/H-x86_64-pc-linux-gnu/bin/../lib/gcc/nios2-elf/5.3.0/../../../../../H-x86_64-pc-linux-gnu/nios2-elf/lib/mno-hw-mul/libc.a(lib_a-memcmp.o)
 .text.memcmp   0x0000000000022218       0x7c /home/erick/intelFPGA_lite/18.1/nios2eds/bin/gnu/H-x86_64-pc-linux-gnu/bin/../lib/gcc/nios2-elf/5.3.0/../../../../../H-x86_64-pc-linux-gnu/nios2-elf/lib/mno-hw-mul/libc.a(lib_a-memcmp.o)
                0x0000000000022218                memcmp
 .text          0x0000000000022294        0x0 /home/erick/intelFPGA_lite/18.1/nios2eds/bin/gnu/H-x86_64-pc-linux-gnu/bin/../lib/gcc/nios2-elf/5.3.0/../../../../../H-x86_64-pc-linux-gnu/nios2-elf/lib/mno-hw-mul/libc.a(lib_a-memcpy.o)
 .text.memcpy   0x0000000000022294      0x148 /home/erick/intelFPGA_lite/18.1/nios2eds/bin/gnu/H-x86_64-pc-linux-gnu/bin/../lib/gcc/nios2-elf/5.3.0/../../../../../H-x86_64-pc-linux-gnu/nios2-elf/lib/mno-hw-mul/libc.a(lib_a-memcpy.o)
                0x0000000000022294                memcpy
 .text          0x00000000000223dc        0x0 /home/erick/intelFPGA_lite/18.1/nios2eds/bin/gnu/H-x86_64-pc-linux-gnu/bin/../lib/gcc/nios2-elf/5.3.0/../../../../../H-x86_64-pc-linux-gnu/nios2-elf/lib/mno-hw-mul/libc.a(lib_a-strlen.o)
 .text.strlen   0x00000000000223dc       0x98 /home/erick/intelFPGA_lite/18.1/nios2eds/bin/gnu/H-x86_64-pc-linux-gnu/bin/../lib/gcc/nios2-elf/5.3.0/../../../../../H-x86_64-pc-linux-gnu/nios2-elf/lib/mno-hw-mul/libc.a(lib_a-strlen.o)
                0x00000000000223dc                strlen
 .text          0x0000000000022474        0x0 /home/erick/intelFPGA_lite/18.1/nios2eds/bin/gnu/H-x86_64-pc-linux-gnu/bin/../lib/gcc/nios2-elf/5.3.0/../../../../../H-x86_64-pc-linux-gnu/nios2-elf/lib/mno-hw-mul/libc.a(lib_a-__atexit.o)
 .text.__register_exitproc
                0x0000000000022474      0x118 /home/erick/intelFPGA_lite/18.1/nios2eds/bin/gnu/H-x86_64-pc-linux-gnu/bin/../lib/gcc/nios2-elf/5.3.0/../../../../../H-x86_64-pc-linux-gnu/nios2-elf/lib/mno-hw-mul/libc.a(lib_a-__atexit.o)
                0x0000000000022474                __register_exitproc
 .text          0x000000000002258c        0x0 /home/erick/intelFPGA_lite/18.1/nios2eds/bin/gnu/H-x86_64-pc-linux-gnu/bin/../lib/gcc/nios2-elf/5.3.0/../../../../../H-x86_64-pc-linux-gnu/nios2-elf/lib/mno-hw-mul/libc.a(lib_a-__call_atexit.o)
 .text.__call_exitprocs
                0x000000000002258c      0x180 /home/erick/intelFPGA_lite/18.1/nios2eds/bin/gnu/H-x86_64-pc-linux-gnu/bin/../lib/gcc/nios2-elf/5.3.0/../../../../../H-x86_64-pc-linux-gnu/nios2-elf/lib/mno-hw-mul/libc.a(lib_a-__call_atexit.o)
                0x000000000002258c                __call_exitprocs
 .text          0x000000000002270c       0x28 /home/erick/intelFPGA_lite/18.1/nios2eds/bin/gnu/H-x86_64-pc-linux-gnu/bin/../lib/gcc/nios2-elf/5.3.0/mno-hw-mul/libgcc.a(lib2-mul.o)
                0x000000000002270c                __mulsi3
 .text          0x0000000000022734       0x34 ../TesteSoftware_bsp//libhal_bsp.a(alt_exit.o)
                0x0000000000022734                _exit
 *(.gnu.warning.*)
 *(.fini)
                [!provide]                        PROVIDE (__etext, ABSOLUTE (.))
                [!provide]                        PROVIDE (_etext, ABSOLUTE (.))
                [!provide]                        PROVIDE (etext, ABSOLUTE (.))
 *(.eh_frame_hdr)
                0x0000000000022768                . = ALIGN (0x4)
                [!provide]                        PROVIDE (__preinit_array_start, ABSOLUTE (.))
 *(.preinit_array)
                [!provide]                        PROVIDE (__preinit_array_end, ABSOLUTE (.))
                [!provide]                        PROVIDE (__init_array_start, ABSOLUTE (.))
 *(.init_array)
                [!provide]                        PROVIDE (__init_array_end, ABSOLUTE (.))
                [!provide]                        PROVIDE (__fini_array_start, ABSOLUTE (.))
 *(.fini_array)
                [!provide]                        PROVIDE (__fini_array_end, ABSOLUTE (.))
 *(.eh_frame)
 *(.gcc_except_table .gcc_except_table.*)
 *(.dynamic)
                0x0000000000022768                PROVIDE (__CTOR_LIST__, ABSOLUTE (.))
 *(.ctors)
 *(SORT(.ctors.*))
                0x0000000000022768                PROVIDE (__CTOR_END__, ABSOLUTE (.))
                0x0000000000022768                PROVIDE (__DTOR_LIST__, ABSOLUTE (.))
 *(.dtors)
 *(SORT(.dtors.*))
                0x0000000000022768                PROVIDE (__DTOR_END__, ABSOLUTE (.))
 *(.jcr)
                0x0000000000022768                . = ALIGN (0x4)

.rodata         0x0000000000022768       0x30
                0x0000000000022768                PROVIDE (__ram_rodata_start, ABSOLUTE (.))
                0x0000000000022768                . = ALIGN (0x4)
 *(.rodata .rodata.* .gnu.linkonce.r.*)
 .rodata        0x0000000000022768        0xf ../TesteSoftware_bsp//libhal_bsp.a(alt_main.o)
 *fill*         0x0000000000022777        0x1 
 .rodata        0x0000000000022778        0xf ../TesteSoftware_bsp//libhal_bsp.a(alt_sys_init.o)
 *fill*         0x0000000000022787        0x1 
 .rodata        0x0000000000022788        0xa ../TesteSoftware_bsp//libhal_bsp.a(alt_dev.o)
 *fill*         0x0000000000022792        0x2 
 .rodata.str1.4
                0x0000000000022794        0x4 /home/erick/intelFPGA_lite/18.1/nios2eds/bin/gnu/H-x86_64-pc-linux-gnu/bin/../lib/gcc/nios2-elf/5.3.0/../../../../../H-x86_64-pc-linux-gnu/nios2-elf/lib/mno-hw-mul/libc.a(lib_a-impure.o)
                                          0x2 (size before relaxing)
 *(.rodata1)
                0x0000000000022798                . = ALIGN (0x4)
                0x0000000000022798                PROVIDE (__ram_rodata_end, ABSOLUTE (.))
                0x0000000000022768                PROVIDE (__flash_rodata_start, LOADADDR (.rodata))

.rwdata         0x0000000000022798     0x1658 load address 0x0000000000023df0
                0x0000000000022798                PROVIDE (__ram_rwdata_start, ABSOLUTE (.))
                0x0000000000022798                . = ALIGN (0x4)
 *(.got.plt)
 *(.got)
 *(.data1)
 *(.data .data.* .gnu.linkonce.d.*)
 .data          0x0000000000022798        0x0 ../TesteSoftware_bsp//obj/HAL/src/crt0.o
 .data          0x0000000000022798        0x0 obj/default/hello_world.o
 .data          0x0000000000022798        0x0 ../TesteSoftware_bsp//libhal_bsp.a(alt_load.o)
 .data          0x0000000000022798        0x0 ../TesteSoftware_bsp//libhal_bsp.a(alt_main.o)
 .data          0x0000000000022798     0x1060 ../TesteSoftware_bsp//libhal_bsp.a(alt_sys_init.o)
 .data          0x00000000000237f8        0x0 ../TesteSoftware_bsp//libhal_bsp.a(altera_avalon_jtag_uart_fd.o)
 .data          0x00000000000237f8        0x0 ../TesteSoftware_bsp//libhal_bsp.a(altera_avalon_jtag_uart_init.o)
 .data          0x00000000000237f8        0x0 ../TesteSoftware_bsp//libhal_bsp.a(altera_avalon_jtag_uart_ioctl.o)
 .data          0x00000000000237f8        0x0 ../TesteSoftware_bsp//libhal_bsp.a(altera_avalon_jtag_uart_read.o)
 .data          0x00000000000237f8        0x0 ../TesteSoftware_bsp//libhal_bsp.a(altera_avalon_jtag_uart_write.o)
 .data          0x00000000000237f8        0x0 ../TesteSoftware_bsp//libhal_bsp.a(alt_alarm_start.o)
 .data          0x00000000000237f8        0x0 ../TesteSoftware_bsp//libhal_bsp.a(alt_close.o)
 .data          0x00000000000237f8        0x0 ../TesteSoftware_bsp//libhal_bsp.a(alt_dcache_flush_all.o)
 .data          0x00000000000237f8      0x1a8 ../TesteSoftware_bsp//libhal_bsp.a(alt_dev.o)
                0x00000000000237f8                alt_dev_null
                0x0000000000023820                alt_fd_list
 .data          0x00000000000239a0        0x0 ../TesteSoftware_bsp//libhal_bsp.a(alt_dev_llist_insert.o)
 .data          0x00000000000239a0        0x0 ../TesteSoftware_bsp//libhal_bsp.a(alt_do_ctors.o)
 .data          0x00000000000239a0        0x0 ../TesteSoftware_bsp//libhal_bsp.a(alt_do_dtors.o)
 .data          0x00000000000239a0        0x0 ../TesteSoftware_bsp//libhal_bsp.a(alt_errno.o)
 .data          0x00000000000239a0        0x0 ../TesteSoftware_bsp//libhal_bsp.a(alt_icache_flush_all.o)
 .data          0x00000000000239a0        0x0 ../TesteSoftware_bsp//libhal_bsp.a(alt_iic.o)
 .data          0x00000000000239a0        0x0 ../TesteSoftware_bsp//libhal_bsp.a(alt_iic_isr_register.o)
 .data          0x00000000000239a0        0x0 ../TesteSoftware_bsp//libhal_bsp.a(alt_io_redirect.o)
 .data          0x00000000000239a0        0x0 ../TesteSoftware_bsp//libhal_bsp.a(alt_irq_entry.o)
 .data          0x00000000000239a0        0x0 ../TesteSoftware_bsp//libhal_bsp.a(alt_irq_handler.o)
 .data          0x00000000000239a0        0x0 ../TesteSoftware_bsp//libhal_bsp.a(alt_irq_vars.o)
 .data          0x00000000000239a0        0x0 ../TesteSoftware_bsp//libhal_bsp.a(alt_open.o)
 .data          0x00000000000239a0        0x0 ../TesteSoftware_bsp//libhal_bsp.a(alt_release_fd.o)
 .data          0x00000000000239a0        0x0 ../TesteSoftware_bsp//libhal_bsp.a(alt_tick.o)
 .data          0x00000000000239a0        0x0 ../TesteSoftware_bsp//libhal_bsp.a(altera_nios2_gen2_irq.o)
 .data          0x00000000000239a0        0x0 ../TesteSoftware_bsp//libhal_bsp.a(alt_exception_entry.o)
 .data          0x00000000000239a0        0x0 ../TesteSoftware_bsp//libhal_bsp.a(alt_find_dev.o)
 .data          0x00000000000239a0        0x0 ../TesteSoftware_bsp//libhal_bsp.a(alt_find_file.o)
 .data          0x00000000000239a0        0x0 ../TesteSoftware_bsp//libhal_bsp.a(alt_get_fd.o)
 .data          0x00000000000239a0        0x0 ../TesteSoftware_bsp//libhal_bsp.a(alt_instruction_exception_entry.o)
 .data          0x00000000000239a0        0x0 /home/erick/intelFPGA_lite/18.1/nios2eds/bin/gnu/H-x86_64-pc-linux-gnu/bin/../lib/gcc/nios2-elf/5.3.0/../../../../../H-x86_64-pc-linux-gnu/nios2-elf/lib/mno-hw-mul/libc.a(lib_a-atexit.o)
 .data          0x00000000000239a0        0x0 /home/erick/intelFPGA_lite/18.1/nios2eds/bin/gnu/H-x86_64-pc-linux-gnu/bin/../lib/gcc/nios2-elf/5.3.0/../../../../../H-x86_64-pc-linux-gnu/nios2-elf/lib/mno-hw-mul/libc.a(lib_a-exit.o)
 .data          0x00000000000239a0        0x0 /home/erick/intelFPGA_lite/18.1/nios2eds/bin/gnu/H-x86_64-pc-linux-gnu/bin/../lib/gcc/nios2-elf/5.3.0/../../../../../H-x86_64-pc-linux-gnu/nios2-elf/lib/mno-hw-mul/libc.a(lib_a-impure.o)
 .data.impure_data
                0x00000000000239a0      0x424 /home/erick/intelFPGA_lite/18.1/nios2eds/bin/gnu/H-x86_64-pc-linux-gnu/bin/../lib/gcc/nios2-elf/5.3.0/../../../../../H-x86_64-pc-linux-gnu/nios2-elf/lib/mno-hw-mul/libc.a(lib_a-impure.o)
 .data          0x0000000000023dc4        0x0 /home/erick/intelFPGA_lite/18.1/nios2eds/bin/gnu/H-x86_64-pc-linux-gnu/bin/../lib/gcc/nios2-elf/5.3.0/../../../../../H-x86_64-pc-linux-gnu/nios2-elf/lib/mno-hw-mul/libc.a(lib_a-int_errno.o)
 .data          0x0000000000023dc4        0x0 /home/erick/intelFPGA_lite/18.1/nios2eds/bin/gnu/H-x86_64-pc-linux-gnu/bin/../lib/gcc/nios2-elf/5.3.0/../../../../../H-x86_64-pc-linux-gnu/nios2-elf/lib/mno-hw-mul/libc.a(lib_a-memcmp.o)
 .data          0x0000000000023dc4        0x0 /home/erick/intelFPGA_lite/18.1/nios2eds/bin/gnu/H-x86_64-pc-linux-gnu/bin/../lib/gcc/nios2-elf/5.3.0/../../../../../H-x86_64-pc-linux-gnu/nios2-elf/lib/mno-hw-mul/libc.a(lib_a-memcpy.o)
 .data          0x0000000000023dc4        0x0 /home/erick/intelFPGA_lite/18.1/nios2eds/bin/gnu/H-x86_64-pc-linux-gnu/bin/../lib/gcc/nios2-elf/5.3.0/../../../../../H-x86_64-pc-linux-gnu/nios2-elf/lib/mno-hw-mul/libc.a(lib_a-strlen.o)
 .data          0x0000000000023dc4        0x0 /home/erick/intelFPGA_lite/18.1/nios2eds/bin/gnu/H-x86_64-pc-linux-gnu/bin/../lib/gcc/nios2-elf/5.3.0/../../../../../H-x86_64-pc-linux-gnu/nios2-elf/lib/mno-hw-mul/libc.a(lib_a-__atexit.o)
 .data          0x0000000000023dc4        0x0 /home/erick/intelFPGA_lite/18.1/nios2eds/bin/gnu/H-x86_64-pc-linux-gnu/bin/../lib/gcc/nios2-elf/5.3.0/../../../../../H-x86_64-pc-linux-gnu/nios2-elf/lib/mno-hw-mul/libc.a(lib_a-__call_atexit.o)
 .data          0x0000000000023dc4        0x0 /home/erick/intelFPGA_lite/18.1/nios2eds/bin/gnu/H-x86_64-pc-linux-gnu/bin/../lib/gcc/nios2-elf/5.3.0/mno-hw-mul/libgcc.a(lib2-mul.o)
 .data          0x0000000000023dc4        0x0 ../TesteSoftware_bsp//libhal_bsp.a(alt_exit.o)
                0x000000000002bdc4                _gp = ABSOLUTE ((. + 0x8000))
                [!provide]                        PROVIDE (gp, _gp)
 *(.rwdata .rwdata.*)
 *(.sdata .sdata.* .gnu.linkonce.s.*)
 .sdata         0x0000000000023dc4       0x14 ../TesteSoftware_bsp//libhal_bsp.a(alt_dev.o)
                0x0000000000023dc4                alt_fs_list
                0x0000000000023dcc                alt_dev_list
                0x0000000000023dd4                alt_max_fd
 .sdata         0x0000000000023dd8        0x4 ../TesteSoftware_bsp//libhal_bsp.a(alt_errno.o)
                0x0000000000023dd8                alt_errno
 .sdata         0x0000000000023ddc        0x4 ../TesteSoftware_bsp//libhal_bsp.a(alt_irq_vars.o)
                0x0000000000023ddc                alt_priority_mask
 .sdata         0x0000000000023de0        0x8 ../TesteSoftware_bsp//libhal_bsp.a(alt_tick.o)
                0x0000000000023de0                alt_alarm_list
 .sdata._global_impure_ptr
                0x0000000000023de8        0x4 /home/erick/intelFPGA_lite/18.1/nios2eds/bin/gnu/H-x86_64-pc-linux-gnu/bin/../lib/gcc/nios2-elf/5.3.0/../../../../../H-x86_64-pc-linux-gnu/nios2-elf/lib/mno-hw-mul/libc.a(lib_a-impure.o)
                0x0000000000023de8                _global_impure_ptr
 .sdata._impure_ptr
                0x0000000000023dec        0x4 /home/erick/intelFPGA_lite/18.1/nios2eds/bin/gnu/H-x86_64-pc-linux-gnu/bin/../lib/gcc/nios2-elf/5.3.0/../../../../../H-x86_64-pc-linux-gnu/nios2-elf/lib/mno-hw-mul/libc.a(lib_a-impure.o)
                0x0000000000023dec                _impure_ptr
 *(.sdata2 .sdata2.* .gnu.linkonce.s2.*)
                0x0000000000023df0                . = ALIGN (0x4)
                0x0000000000023df0                _edata = ABSOLUTE (.)
                [!provide]                        PROVIDE (edata, ABSOLUTE (.))
                0x0000000000023df0                PROVIDE (__ram_rwdata_end, ABSOLUTE (.))
                0x0000000000023df0                PROVIDE (__flash_rwdata_start, LOADADDR (.rwdata))

.bss            0x0000000000025448      0x12c
                0x0000000000025448                __bss_start = ABSOLUTE (.)
                [!provide]                        PROVIDE (__sbss_start, ABSOLUTE (.))
                [!provide]                        PROVIDE (___sbss_start, ABSOLUTE (.))
 *(.dynsbss)
 *(.sbss .sbss.* .gnu.linkonce.sb.*)
 .sbss          0x0000000000025448        0x8 obj/default/hello_world.o
                0x0000000000025448                ponteiro
                0x000000000002544c                contador
 .sbss          0x0000000000025450        0x4 obj/default/hello_world.o
                0x0000000000025450                i
 .sbss          0x0000000000025454        0xc ../TesteSoftware_bsp//libhal_bsp.a(alt_main.o)
                0x0000000000025454                alt_argc
                0x0000000000025458                alt_argv
                0x000000000002545c                alt_envp
 .sbss          0x0000000000025460        0x4 ../TesteSoftware_bsp//libhal_bsp.a(alt_irq_vars.o)
                0x0000000000025460                alt_irq_active
 .sbss          0x0000000000025464        0x8 ../TesteSoftware_bsp//libhal_bsp.a(alt_tick.o)
                0x0000000000025464                _alt_tick_rate
                0x0000000000025468                _alt_nticks
 .sbss          0x000000000002546c        0x4 ../TesteSoftware_bsp//libhal_bsp.a(alt_instruction_exception_entry.o)
                0x000000000002546c                alt_instruction_exception_handler
 .sbss          0x0000000000025470        0x4 /home/erick/intelFPGA_lite/18.1/nios2eds/bin/gnu/H-x86_64-pc-linux-gnu/bin/../lib/gcc/nios2-elf/5.3.0/../../../../../H-x86_64-pc-linux-gnu/nios2-elf/lib/mno-hw-mul/libc.a(lib_a-int_errno.o)
                0x0000000000025470                errno
 *(.sbss2 .sbss2.* .gnu.linkonce.sb2.*)
 *(.scommon)
                [!provide]                        PROVIDE (__sbss_end, ABSOLUTE (.))
                [!provide]                        PROVIDE (___sbss_end, ABSOLUTE (.))
 *(.dynbss)
 *(.bss .bss.* .gnu.linkonce.b.*)
 .bss           0x0000000000025474        0x0 ../TesteSoftware_bsp//obj/HAL/src/crt0.o
 .bss           0x0000000000025474        0x0 obj/default/hello_world.o
 .bss           0x0000000000025474        0x0 ../TesteSoftware_bsp//libhal_bsp.a(alt_load.o)
 .bss           0x0000000000025474        0x0 ../TesteSoftware_bsp//libhal_bsp.a(alt_main.o)
 .bss           0x0000000000025474        0x0 ../TesteSoftware_bsp//libhal_bsp.a(alt_sys_init.o)
 .bss           0x0000000000025474        0x0 ../TesteSoftware_bsp//libhal_bsp.a(altera_avalon_jtag_uart_fd.o)
 .bss           0x0000000000025474        0x0 ../TesteSoftware_bsp//libhal_bsp.a(altera_avalon_jtag_uart_init.o)
 .bss           0x0000000000025474        0x0 ../TesteSoftware_bsp//libhal_bsp.a(altera_avalon_jtag_uart_ioctl.o)
 .bss           0x0000000000025474        0x0 ../TesteSoftware_bsp//libhal_bsp.a(altera_avalon_jtag_uart_read.o)
 .bss           0x0000000000025474        0x0 ../TesteSoftware_bsp//libhal_bsp.a(altera_avalon_jtag_uart_write.o)
 .bss           0x0000000000025474        0x0 ../TesteSoftware_bsp//libhal_bsp.a(alt_alarm_start.o)
 .bss           0x0000000000025474        0x0 ../TesteSoftware_bsp//libhal_bsp.a(alt_close.o)
 .bss           0x0000000000025474        0x0 ../TesteSoftware_bsp//libhal_bsp.a(alt_dcache_flush_all.o)
 .bss           0x0000000000025474        0x0 ../TesteSoftware_bsp//libhal_bsp.a(alt_dev.o)
 .bss           0x0000000000025474        0x0 ../TesteSoftware_bsp//libhal_bsp.a(alt_dev_llist_insert.o)
 .bss           0x0000000000025474        0x0 ../TesteSoftware_bsp//libhal_bsp.a(alt_do_ctors.o)
 .bss           0x0000000000025474        0x0 ../TesteSoftware_bsp//libhal_bsp.a(alt_do_dtors.o)
 .bss           0x0000000000025474        0x0 ../TesteSoftware_bsp//libhal_bsp.a(alt_errno.o)
 .bss           0x0000000000025474        0x0 ../TesteSoftware_bsp//libhal_bsp.a(alt_icache_flush_all.o)
 .bss           0x0000000000025474        0x0 ../TesteSoftware_bsp//libhal_bsp.a(alt_iic.o)
 .bss           0x0000000000025474        0x0 ../TesteSoftware_bsp//libhal_bsp.a(alt_iic_isr_register.o)
 .bss           0x0000000000025474        0x0 ../TesteSoftware_bsp//libhal_bsp.a(alt_io_redirect.o)
 .bss           0x0000000000025474        0x0 ../TesteSoftware_bsp//libhal_bsp.a(alt_irq_entry.o)
 .bss           0x0000000000025474        0x0 ../TesteSoftware_bsp//libhal_bsp.a(alt_irq_handler.o)
 .bss           0x0000000000025474        0x0 ../TesteSoftware_bsp//libhal_bsp.a(alt_irq_vars.o)
 .bss           0x0000000000025474        0x0 ../TesteSoftware_bsp//libhal_bsp.a(alt_open.o)
 .bss           0x0000000000025474        0x0 ../TesteSoftware_bsp//libhal_bsp.a(alt_release_fd.o)
 .bss           0x0000000000025474        0x0 ../TesteSoftware_bsp//libhal_bsp.a(alt_tick.o)
 .bss           0x0000000000025474        0x0 ../TesteSoftware_bsp//libhal_bsp.a(altera_nios2_gen2_irq.o)
 .bss           0x0000000000025474        0x0 ../TesteSoftware_bsp//libhal_bsp.a(alt_exception_entry.o)
 .bss           0x0000000000025474        0x0 ../TesteSoftware_bsp//libhal_bsp.a(alt_find_dev.o)
 .bss           0x0000000000025474        0x0 ../TesteSoftware_bsp//libhal_bsp.a(alt_find_file.o)
 .bss           0x0000000000025474        0x0 ../TesteSoftware_bsp//libhal_bsp.a(alt_get_fd.o)
 .bss           0x0000000000025474        0x0 ../TesteSoftware_bsp//libhal_bsp.a(alt_instruction_exception_entry.o)
 .bss           0x0000000000025474        0x0 /home/erick/intelFPGA_lite/18.1/nios2eds/bin/gnu/H-x86_64-pc-linux-gnu/bin/../lib/gcc/nios2-elf/5.3.0/../../../../../H-x86_64-pc-linux-gnu/nios2-elf/lib/mno-hw-mul/libc.a(lib_a-atexit.o)
 .bss           0x0000000000025474        0x0 /home/erick/intelFPGA_lite/18.1/nios2eds/bin/gnu/H-x86_64-pc-linux-gnu/bin/../lib/gcc/nios2-elf/5.3.0/../../../../../H-x86_64-pc-linux-gnu/nios2-elf/lib/mno-hw-mul/libc.a(lib_a-exit.o)
 .bss           0x0000000000025474        0x0 /home/erick/intelFPGA_lite/18.1/nios2eds/bin/gnu/H-x86_64-pc-linux-gnu/bin/../lib/gcc/nios2-elf/5.3.0/../../../../../H-x86_64-pc-linux-gnu/nios2-elf/lib/mno-hw-mul/libc.a(lib_a-impure.o)
 .bss           0x0000000000025474        0x0 /home/erick/intelFPGA_lite/18.1/nios2eds/bin/gnu/H-x86_64-pc-linux-gnu/bin/../lib/gcc/nios2-elf/5.3.0/../../../../../H-x86_64-pc-linux-gnu/nios2-elf/lib/mno-hw-mul/libc.a(lib_a-int_errno.o)
 .bss           0x0000000000025474        0x0 /home/erick/intelFPGA_lite/18.1/nios2eds/bin/gnu/H-x86_64-pc-linux-gnu/bin/../lib/gcc/nios2-elf/5.3.0/../../../../../H-x86_64-pc-linux-gnu/nios2-elf/lib/mno-hw-mul/libc.a(lib_a-memcmp.o)
 .bss           0x0000000000025474        0x0 /home/erick/intelFPGA_lite/18.1/nios2eds/bin/gnu/H-x86_64-pc-linux-gnu/bin/../lib/gcc/nios2-elf/5.3.0/../../../../../H-x86_64-pc-linux-gnu/nios2-elf/lib/mno-hw-mul/libc.a(lib_a-memcpy.o)
 .bss           0x0000000000025474        0x0 /home/erick/intelFPGA_lite/18.1/nios2eds/bin/gnu/H-x86_64-pc-linux-gnu/bin/../lib/gcc/nios2-elf/5.3.0/../../../../../H-x86_64-pc-linux-gnu/nios2-elf/lib/mno-hw-mul/libc.a(lib_a-strlen.o)
 .bss           0x0000000000025474        0x0 /home/erick/intelFPGA_lite/18.1/nios2eds/bin/gnu/H-x86_64-pc-linux-gnu/bin/../lib/gcc/nios2-elf/5.3.0/../../../../../H-x86_64-pc-linux-gnu/nios2-elf/lib/mno-hw-mul/libc.a(lib_a-__atexit.o)
 .bss           0x0000000000025474        0x0 /home/erick/intelFPGA_lite/18.1/nios2eds/bin/gnu/H-x86_64-pc-linux-gnu/bin/../lib/gcc/nios2-elf/5.3.0/../../../../../H-x86_64-pc-linux-gnu/nios2-elf/lib/mno-hw-mul/libc.a(lib_a-__call_atexit.o)
 .bss           0x0000000000025474        0x0 /home/erick/intelFPGA_lite/18.1/nios2eds/bin/gnu/H-x86_64-pc-linux-gnu/bin/../lib/gcc/nios2-elf/5.3.0/mno-hw-mul/libgcc.a(lib2-mul.o)
 .bss           0x0000000000025474        0x0 ../TesteSoftware_bsp//libhal_bsp.a(alt_exit.o)
 *(COMMON)
 COMMON         0x0000000000025474      0x100 ../TesteSoftware_bsp//libhal_bsp.a(alt_irq_handler.o)
                0x0000000000025474                alt_irq
                0x0000000000025574                . = ALIGN (0x4)
                0x0000000000025574                __bss_end = ABSOLUTE (.)

.MemoriaDeDados
                0x0000000000000000        0x0 load address 0x0000000000025574
                [!provide]                        PROVIDE (_alt_partition_MemoriaDeDados_start, ABSOLUTE (.))
 *(.MemoriaDeDados .MemoriaDeDados. MemoriaDeDados.*)
                0x0000000000000000                . = ALIGN (0x4)
                [!provide]                        PROVIDE (_alt_partition_MemoriaDeDados_end, ABSOLUTE (.))
                [!provide]                        PROVIDE (_alt_partition_MemoriaDeDados_load_addr, LOADADDR (.MemoriaDeDados))

.MemoriaDePrograma
                0x0000000000025574        0x0
                [!provide]                        PROVIDE (_alt_partition_MemoriaDePrograma_start, ABSOLUTE (.))
 *(.MemoriaDePrograma .MemoriaDePrograma. MemoriaDePrograma.*)
                0x0000000000025574                . = ALIGN (0x4)
                [!provide]                        PROVIDE (_alt_partition_MemoriaDePrograma_end, ABSOLUTE (.))
                0x0000000000025574                _end = ABSOLUTE (.)
                0x0000000000025574                end = ABSOLUTE (.)
                0x0000000000025574                __alt_stack_base = ABSOLUTE (.)
                [!provide]                        PROVIDE (_alt_partition_MemoriaDePrograma_load_addr, LOADADDR (.MemoriaDePrograma))

.stab
 *(.stab)

.stabstr
 *(.stabstr)

.stab.excl
 *(.stab.excl)

.stab.exclstr
 *(.stab.exclstr)

.stab.index
 *(.stab.index)

.stab.indexstr
 *(.stab.indexstr)

.comment        0x0000000000000000       0x23
 *(.comment)
 .comment       0x0000000000000000       0x23 obj/default/hello_world.o
                                         0x24 (size before relaxing)
 .comment       0x0000000000000023       0x24 ../TesteSoftware_bsp//libhal_bsp.a(alt_load.o)
 .comment       0x0000000000000023       0x24 ../TesteSoftware_bsp//libhal_bsp.a(alt_main.o)
 .comment       0x0000000000000023       0x24 ../TesteSoftware_bsp//libhal_bsp.a(alt_sys_init.o)
 .comment       0x0000000000000023       0x24 ../TesteSoftware_bsp//libhal_bsp.a(altera_avalon_jtag_uart_fd.o)
 .comment       0x0000000000000023       0x24 ../TesteSoftware_bsp//libhal_bsp.a(altera_avalon_jtag_uart_init.o)
 .comment       0x0000000000000023       0x24 ../TesteSoftware_bsp//libhal_bsp.a(altera_avalon_jtag_uart_ioctl.o)
 .comment       0x0000000000000023       0x24 ../TesteSoftware_bsp//libhal_bsp.a(altera_avalon_jtag_uart_read.o)
 .comment       0x0000000000000023       0x24 ../TesteSoftware_bsp//libhal_bsp.a(altera_avalon_jtag_uart_write.o)
 .comment       0x0000000000000023       0x24 ../TesteSoftware_bsp//libhal_bsp.a(alt_alarm_start.o)
 .comment       0x0000000000000023       0x24 ../TesteSoftware_bsp//libhal_bsp.a(alt_close.o)
 .comment       0x0000000000000023       0x24 ../TesteSoftware_bsp//libhal_bsp.a(alt_dcache_flush_all.o)
 .comment       0x0000000000000023       0x24 ../TesteSoftware_bsp//libhal_bsp.a(alt_dev.o)
 .comment       0x0000000000000023       0x24 ../TesteSoftware_bsp//libhal_bsp.a(alt_dev_llist_insert.o)
 .comment       0x0000000000000023       0x24 ../TesteSoftware_bsp//libhal_bsp.a(alt_do_ctors.o)
 .comment       0x0000000000000023       0x24 ../TesteSoftware_bsp//libhal_bsp.a(alt_do_dtors.o)
 .comment       0x0000000000000023       0x24 ../TesteSoftware_bsp//libhal_bsp.a(alt_errno.o)
 .comment       0x0000000000000023       0x24 ../TesteSoftware_bsp//libhal_bsp.a(alt_icache_flush_all.o)
 .comment       0x0000000000000023       0x24 ../TesteSoftware_bsp//libhal_bsp.a(alt_iic.o)
 .comment       0x0000000000000023       0x24 ../TesteSoftware_bsp//libhal_bsp.a(alt_iic_isr_register.o)
 .comment       0x0000000000000023       0x24 ../TesteSoftware_bsp//libhal_bsp.a(alt_io_redirect.o)
 .comment       0x0000000000000023       0x24 ../TesteSoftware_bsp//libhal_bsp.a(alt_irq_handler.o)
 .comment       0x0000000000000023       0x24 ../TesteSoftware_bsp//libhal_bsp.a(alt_irq_vars.o)
 .comment       0x0000000000000023       0x24 ../TesteSoftware_bsp//libhal_bsp.a(alt_open.o)
 .comment       0x0000000000000023       0x24 ../TesteSoftware_bsp//libhal_bsp.a(alt_release_fd.o)
 .comment       0x0000000000000023       0x24 ../TesteSoftware_bsp//libhal_bsp.a(alt_tick.o)
 .comment       0x0000000000000023       0x24 ../TesteSoftware_bsp//libhal_bsp.a(altera_nios2_gen2_irq.o)
 .comment       0x0000000000000023       0x24 ../TesteSoftware_bsp//libhal_bsp.a(alt_find_dev.o)
 .comment       0x0000000000000023       0x24 ../TesteSoftware_bsp//libhal_bsp.a(alt_find_file.o)
 .comment       0x0000000000000023       0x24 ../TesteSoftware_bsp//libhal_bsp.a(alt_get_fd.o)
 .comment       0x0000000000000023       0x24 ../TesteSoftware_bsp//libhal_bsp.a(alt_instruction_exception_entry.o)
 .comment       0x0000000000000023       0x24 /home/erick/intelFPGA_lite/18.1/nios2eds/bin/gnu/H-x86_64-pc-linux-gnu/bin/../lib/gcc/nios2-elf/5.3.0/../../../../../H-x86_64-pc-linux-gnu/nios2-elf/lib/mno-hw-mul/libc.a(lib_a-atexit.o)
 .comment       0x0000000000000023       0x24 /home/erick/intelFPGA_lite/18.1/nios2eds/bin/gnu/H-x86_64-pc-linux-gnu/bin/../lib/gcc/nios2-elf/5.3.0/../../../../../H-x86_64-pc-linux-gnu/nios2-elf/lib/mno-hw-mul/libc.a(lib_a-exit.o)
 .comment       0x0000000000000023       0x24 /home/erick/intelFPGA_lite/18.1/nios2eds/bin/gnu/H-x86_64-pc-linux-gnu/bin/../lib/gcc/nios2-elf/5.3.0/../../../../../H-x86_64-pc-linux-gnu/nios2-elf/lib/mno-hw-mul/libc.a(lib_a-impure.o)
 .comment       0x0000000000000023       0x24 /home/erick/intelFPGA_lite/18.1/nios2eds/bin/gnu/H-x86_64-pc-linux-gnu/bin/../lib/gcc/nios2-elf/5.3.0/../../../../../H-x86_64-pc-linux-gnu/nios2-elf/lib/mno-hw-mul/libc.a(lib_a-int_errno.o)
 .comment       0x0000000000000023       0x24 /home/erick/intelFPGA_lite/18.1/nios2eds/bin/gnu/H-x86_64-pc-linux-gnu/bin/../lib/gcc/nios2-elf/5.3.0/../../../../../H-x86_64-pc-linux-gnu/nios2-elf/lib/mno-hw-mul/libc.a(lib_a-memcmp.o)
 .comment       0x0000000000000023       0x24 /home/erick/intelFPGA_lite/18.1/nios2eds/bin/gnu/H-x86_64-pc-linux-gnu/bin/../lib/gcc/nios2-elf/5.3.0/../../../../../H-x86_64-pc-linux-gnu/nios2-elf/lib/mno-hw-mul/libc.a(lib_a-memcpy.o)
 .comment       0x0000000000000023       0x24 /home/erick/intelFPGA_lite/18.1/nios2eds/bin/gnu/H-x86_64-pc-linux-gnu/bin/../lib/gcc/nios2-elf/5.3.0/../../../../../H-x86_64-pc-linux-gnu/nios2-elf/lib/mno-hw-mul/libc.a(lib_a-strlen.o)
 .comment       0x0000000000000023       0x24 /home/erick/intelFPGA_lite/18.1/nios2eds/bin/gnu/H-x86_64-pc-linux-gnu/bin/../lib/gcc/nios2-elf/5.3.0/../../../../../H-x86_64-pc-linux-gnu/nios2-elf/lib/mno-hw-mul/libc.a(lib_a-__atexit.o)
 .comment       0x0000000000000023       0x24 /home/erick/intelFPGA_lite/18.1/nios2eds/bin/gnu/H-x86_64-pc-linux-gnu/bin/../lib/gcc/nios2-elf/5.3.0/../../../../../H-x86_64-pc-linux-gnu/nios2-elf/lib/mno-hw-mul/libc.a(lib_a-__call_atexit.o)
 .comment       0x0000000000000023       0x24 /home/erick/intelFPGA_lite/18.1/nios2eds/bin/gnu/H-x86_64-pc-linux-gnu/bin/../lib/gcc/nios2-elf/5.3.0/mno-hw-mul/libgcc.a(lib2-mul.o)
 .comment       0x0000000000000023       0x24 ../TesteSoftware_bsp//libhal_bsp.a(alt_exit.o)

.debug
 *(.debug)

.line
 *(.line)

.debug_srcinfo
 *(.debug_srcinfo)

.debug_sfnames
 *(.debug_sfnames)

.debug_aranges  0x0000000000000000      0x5b8
 *(.debug_aranges)
 .debug_aranges
                0x0000000000000000       0x28 ../TesteSoftware_bsp//obj/HAL/src/crt0.o
 .debug_aranges
                0x0000000000000028       0x20 obj/default/hello_world.o
 .debug_aranges
                0x0000000000000048       0x20 ../TesteSoftware_bsp//libhal_bsp.a(alt_load.o)
 .debug_aranges
                0x0000000000000068       0x20 ../TesteSoftware_bsp//libhal_bsp.a(alt_main.o)
 .debug_aranges
                0x0000000000000088       0x20 ../TesteSoftware_bsp//libhal_bsp.a(alt_sys_init.o)
 .debug_aranges
                0x00000000000000a8       0x20 ../TesteSoftware_bsp//libhal_bsp.a(altera_avalon_jtag_uart_fd.o)
 .debug_aranges
                0x00000000000000c8       0x20 ../TesteSoftware_bsp//libhal_bsp.a(altera_avalon_jtag_uart_init.o)
 .debug_aranges
                0x00000000000000e8       0x20 ../TesteSoftware_bsp//libhal_bsp.a(altera_avalon_jtag_uart_ioctl.o)
 .debug_aranges
                0x0000000000000108       0x20 ../TesteSoftware_bsp//libhal_bsp.a(altera_avalon_jtag_uart_read.o)
 .debug_aranges
                0x0000000000000128       0x20 ../TesteSoftware_bsp//libhal_bsp.a(altera_avalon_jtag_uart_write.o)
 .debug_aranges
                0x0000000000000148       0x20 ../TesteSoftware_bsp//libhal_bsp.a(alt_alarm_start.o)
 .debug_aranges
                0x0000000000000168       0x20 ../TesteSoftware_bsp//libhal_bsp.a(alt_close.o)
 .debug_aranges
                0x0000000000000188       0x20 ../TesteSoftware_bsp//libhal_bsp.a(alt_dcache_flush_all.o)
 .debug_aranges
                0x00000000000001a8       0x20 ../TesteSoftware_bsp//libhal_bsp.a(alt_dev.o)
 .debug_aranges
                0x00000000000001c8       0x20 ../TesteSoftware_bsp//libhal_bsp.a(alt_dev_llist_insert.o)
 .debug_aranges
                0x00000000000001e8       0x20 ../TesteSoftware_bsp//libhal_bsp.a(alt_do_ctors.o)
 .debug_aranges
                0x0000000000000208       0x20 ../TesteSoftware_bsp//libhal_bsp.a(alt_do_dtors.o)
 .debug_aranges
                0x0000000000000228       0x18 ../TesteSoftware_bsp//libhal_bsp.a(alt_errno.o)
 .debug_aranges
                0x0000000000000240       0x20 ../TesteSoftware_bsp//libhal_bsp.a(alt_icache_flush_all.o)
 .debug_aranges
                0x0000000000000260       0x20 ../TesteSoftware_bsp//libhal_bsp.a(alt_iic.o)
 .debug_aranges
                0x0000000000000280       0x20 ../TesteSoftware_bsp//libhal_bsp.a(alt_iic_isr_register.o)
 .debug_aranges
                0x00000000000002a0       0x20 ../TesteSoftware_bsp//libhal_bsp.a(alt_io_redirect.o)
 .debug_aranges
                0x00000000000002c0       0x30 ../TesteSoftware_bsp//libhal_bsp.a(alt_irq_entry.o)
 .debug_aranges
                0x00000000000002f0       0x20 ../TesteSoftware_bsp//libhal_bsp.a(alt_irq_handler.o)
 .debug_aranges
                0x0000000000000310       0x18 ../TesteSoftware_bsp//libhal_bsp.a(alt_irq_vars.o)
 .debug_aranges
                0x0000000000000328       0x20 ../TesteSoftware_bsp//libhal_bsp.a(alt_open.o)
 .debug_aranges
                0x0000000000000348       0x20 ../TesteSoftware_bsp//libhal_bsp.a(alt_release_fd.o)
 .debug_aranges
                0x0000000000000368       0x20 ../TesteSoftware_bsp//libhal_bsp.a(alt_tick.o)
 .debug_aranges
                0x0000000000000388       0x20 ../TesteSoftware_bsp//libhal_bsp.a(altera_nios2_gen2_irq.o)
 .debug_aranges
                0x00000000000003a8       0x38 ../TesteSoftware_bsp//libhal_bsp.a(alt_exception_entry.o)
 .debug_aranges
                0x00000000000003e0       0x20 ../TesteSoftware_bsp//libhal_bsp.a(alt_find_dev.o)
 .debug_aranges
                0x0000000000000400       0x20 ../TesteSoftware_bsp//libhal_bsp.a(alt_find_file.o)
 .debug_aranges
                0x0000000000000420       0x20 ../TesteSoftware_bsp//libhal_bsp.a(alt_get_fd.o)
 .debug_aranges
                0x0000000000000440       0x28 ../TesteSoftware_bsp//libhal_bsp.a(alt_instruction_exception_entry.o)
 .debug_aranges
                0x0000000000000468       0x20 /home/erick/intelFPGA_lite/18.1/nios2eds/bin/gnu/H-x86_64-pc-linux-gnu/bin/../lib/gcc/nios2-elf/5.3.0/../../../../../H-x86_64-pc-linux-gnu/nios2-elf/lib/mno-hw-mul/libc.a(lib_a-atexit.o)
 .debug_aranges
                0x0000000000000488       0x20 /home/erick/intelFPGA_lite/18.1/nios2eds/bin/gnu/H-x86_64-pc-linux-gnu/bin/../lib/gcc/nios2-elf/5.3.0/../../../../../H-x86_64-pc-linux-gnu/nios2-elf/lib/mno-hw-mul/libc.a(lib_a-exit.o)
 .debug_aranges
                0x00000000000004a8       0x18 /home/erick/intelFPGA_lite/18.1/nios2eds/bin/gnu/H-x86_64-pc-linux-gnu/bin/../lib/gcc/nios2-elf/5.3.0/../../../../../H-x86_64-pc-linux-gnu/nios2-elf/lib/mno-hw-mul/libc.a(lib_a-impure.o)
 .debug_aranges
                0x00000000000004c0       0x18 /home/erick/intelFPGA_lite/18.1/nios2eds/bin/gnu/H-x86_64-pc-linux-gnu/bin/../lib/gcc/nios2-elf/5.3.0/../../../../../H-x86_64-pc-linux-gnu/nios2-elf/lib/mno-hw-mul/libc.a(lib_a-int_errno.o)
 .debug_aranges
                0x00000000000004d8       0x20 /home/erick/intelFPGA_lite/18.1/nios2eds/bin/gnu/H-x86_64-pc-linux-gnu/bin/../lib/gcc/nios2-elf/5.3.0/../../../../../H-x86_64-pc-linux-gnu/nios2-elf/lib/mno-hw-mul/libc.a(lib_a-memcmp.o)
 .debug_aranges
                0x00000000000004f8       0x20 /home/erick/intelFPGA_lite/18.1/nios2eds/bin/gnu/H-x86_64-pc-linux-gnu/bin/../lib/gcc/nios2-elf/5.3.0/../../../../../H-x86_64-pc-linux-gnu/nios2-elf/lib/mno-hw-mul/libc.a(lib_a-memcpy.o)
 .debug_aranges
                0x0000000000000518       0x20 /home/erick/intelFPGA_lite/18.1/nios2eds/bin/gnu/H-x86_64-pc-linux-gnu/bin/../lib/gcc/nios2-elf/5.3.0/../../../../../H-x86_64-pc-linux-gnu/nios2-elf/lib/mno-hw-mul/libc.a(lib_a-strlen.o)
 .debug_aranges
                0x0000000000000538       0x20 /home/erick/intelFPGA_lite/18.1/nios2eds/bin/gnu/H-x86_64-pc-linux-gnu/bin/../lib/gcc/nios2-elf/5.3.0/../../../../../H-x86_64-pc-linux-gnu/nios2-elf/lib/mno-hw-mul/libc.a(lib_a-__atexit.o)
 .debug_aranges
                0x0000000000000558       0x20 /home/erick/intelFPGA_lite/18.1/nios2eds/bin/gnu/H-x86_64-pc-linux-gnu/bin/../lib/gcc/nios2-elf/5.3.0/../../../../../H-x86_64-pc-linux-gnu/nios2-elf/lib/mno-hw-mul/libc.a(lib_a-__call_atexit.o)
 .debug_aranges
                0x0000000000000578       0x20 /home/erick/intelFPGA_lite/18.1/nios2eds/bin/gnu/H-x86_64-pc-linux-gnu/bin/../lib/gcc/nios2-elf/5.3.0/mno-hw-mul/libgcc.a(lib2-mul.o)
 .debug_aranges
                0x0000000000000598       0x20 ../TesteSoftware_bsp//libhal_bsp.a(alt_exit.o)

.debug_pubnames
 *(.debug_pubnames)

.debug_info     0x0000000000000000     0x752a
 *(.debug_info .gnu.linkonce.wi.*)
 .debug_info    0x0000000000000000       0x92 ../TesteSoftware_bsp//obj/HAL/src/crt0.o
 .debug_info    0x0000000000000092       0x79 obj/default/hello_world.o
 .debug_info    0x000000000000010b      0x145 ../TesteSoftware_bsp//libhal_bsp.a(alt_load.o)
 .debug_info    0x0000000000000250      0x131 ../TesteSoftware_bsp//libhal_bsp.a(alt_main.o)
 .debug_info    0x0000000000000381      0x4c3 ../TesteSoftware_bsp//libhal_bsp.a(alt_sys_init.o)
 .debug_info    0x0000000000000844      0x52e ../TesteSoftware_bsp//libhal_bsp.a(altera_avalon_jtag_uart_fd.o)
 .debug_info    0x0000000000000d72      0x3a0 ../TesteSoftware_bsp//libhal_bsp.a(altera_avalon_jtag_uart_init.o)
 .debug_info    0x0000000000001112      0x280 ../TesteSoftware_bsp//libhal_bsp.a(altera_avalon_jtag_uart_ioctl.o)
 .debug_info    0x0000000000001392      0x345 ../TesteSoftware_bsp//libhal_bsp.a(altera_avalon_jtag_uart_read.o)
 .debug_info    0x00000000000016d7      0x340 ../TesteSoftware_bsp//libhal_bsp.a(altera_avalon_jtag_uart_write.o)
 .debug_info    0x0000000000001a17      0x2cc ../TesteSoftware_bsp//libhal_bsp.a(alt_alarm_start.o)
 .debug_info    0x0000000000001ce3      0x321 ../TesteSoftware_bsp//libhal_bsp.a(alt_close.o)
 .debug_info    0x0000000000002004       0x92 ../TesteSoftware_bsp//libhal_bsp.a(alt_dcache_flush_all.o)
 .debug_info    0x0000000000002096      0x49c ../TesteSoftware_bsp//libhal_bsp.a(alt_dev.o)
 .debug_info    0x0000000000002532      0x1a9 ../TesteSoftware_bsp//libhal_bsp.a(alt_dev_llist_insert.o)
 .debug_info    0x00000000000026db       0x83 ../TesteSoftware_bsp//libhal_bsp.a(alt_do_ctors.o)
 .debug_info    0x000000000000275e       0x83 ../TesteSoftware_bsp//libhal_bsp.a(alt_do_dtors.o)
 .debug_info    0x00000000000027e1       0xa6 ../TesteSoftware_bsp//libhal_bsp.a(alt_errno.o)
 .debug_info    0x0000000000002887       0x92 ../TesteSoftware_bsp//libhal_bsp.a(alt_icache_flush_all.o)
 .debug_info    0x0000000000002919      0x350 ../TesteSoftware_bsp//libhal_bsp.a(alt_iic.o)
 .debug_info    0x0000000000002c69      0x1ef ../TesteSoftware_bsp//libhal_bsp.a(alt_iic_isr_register.o)
 .debug_info    0x0000000000002e58      0x4a5 ../TesteSoftware_bsp//libhal_bsp.a(alt_io_redirect.o)
 .debug_info    0x00000000000032fd       0x9b ../TesteSoftware_bsp//libhal_bsp.a(alt_irq_entry.o)
 .debug_info    0x0000000000003398      0x187 ../TesteSoftware_bsp//libhal_bsp.a(alt_irq_handler.o)
 .debug_info    0x000000000000351f       0x88 ../TesteSoftware_bsp//libhal_bsp.a(alt_irq_vars.o)
 .debug_info    0x00000000000035a7      0x3bb ../TesteSoftware_bsp//libhal_bsp.a(alt_open.o)
 .debug_info    0x0000000000003962      0x2b0 ../TesteSoftware_bsp//libhal_bsp.a(alt_release_fd.o)
 .debug_info    0x0000000000003c12      0x299 ../TesteSoftware_bsp//libhal_bsp.a(alt_tick.o)
 .debug_info    0x0000000000003eab       0x92 ../TesteSoftware_bsp//libhal_bsp.a(altera_nios2_gen2_irq.o)
 .debug_info    0x0000000000003f3d       0xa1 ../TesteSoftware_bsp//libhal_bsp.a(alt_exception_entry.o)
 .debug_info    0x0000000000003fde      0x2e9 ../TesteSoftware_bsp//libhal_bsp.a(alt_find_dev.o)
 .debug_info    0x00000000000042c7      0x2e6 ../TesteSoftware_bsp//libhal_bsp.a(alt_find_file.o)
 .debug_info    0x00000000000045ad      0x310 ../TesteSoftware_bsp//libhal_bsp.a(alt_get_fd.o)
 .debug_info    0x00000000000048bd      0x1e7 ../TesteSoftware_bsp//libhal_bsp.a(alt_instruction_exception_entry.o)
 .debug_info    0x0000000000004aa4       0xfe /home/erick/intelFPGA_lite/18.1/nios2eds/bin/gnu/H-x86_64-pc-linux-gnu/bin/../lib/gcc/nios2-elf/5.3.0/../../../../../H-x86_64-pc-linux-gnu/nios2-elf/lib/mno-hw-mul/libc.a(lib_a-atexit.o)
 .debug_info    0x0000000000004ba2      0x8e4 /home/erick/intelFPGA_lite/18.1/nios2eds/bin/gnu/H-x86_64-pc-linux-gnu/bin/../lib/gcc/nios2-elf/5.3.0/../../../../../H-x86_64-pc-linux-gnu/nios2-elf/lib/mno-hw-mul/libc.a(lib_a-exit.o)
 .debug_info    0x0000000000005486      0x8a1 /home/erick/intelFPGA_lite/18.1/nios2eds/bin/gnu/H-x86_64-pc-linux-gnu/bin/../lib/gcc/nios2-elf/5.3.0/../../../../../H-x86_64-pc-linux-gnu/nios2-elf/lib/mno-hw-mul/libc.a(lib_a-impure.o)
 .debug_info    0x0000000000005d27       0x8a /home/erick/intelFPGA_lite/18.1/nios2eds/bin/gnu/H-x86_64-pc-linux-gnu/bin/../lib/gcc/nios2-elf/5.3.0/../../../../../H-x86_64-pc-linux-gnu/nios2-elf/lib/mno-hw-mul/libc.a(lib_a-int_errno.o)
 .debug_info    0x0000000000005db1      0x11a /home/erick/intelFPGA_lite/18.1/nios2eds/bin/gnu/H-x86_64-pc-linux-gnu/bin/../lib/gcc/nios2-elf/5.3.0/../../../../../H-x86_64-pc-linux-gnu/nios2-elf/lib/mno-hw-mul/libc.a(lib_a-memcmp.o)
 .debug_info    0x0000000000005ecb      0x144 /home/erick/intelFPGA_lite/18.1/nios2eds/bin/gnu/H-x86_64-pc-linux-gnu/bin/../lib/gcc/nios2-elf/5.3.0/../../../../../H-x86_64-pc-linux-gnu/nios2-elf/lib/mno-hw-mul/libc.a(lib_a-memcpy.o)
 .debug_info    0x000000000000600f       0xe2 /home/erick/intelFPGA_lite/18.1/nios2eds/bin/gnu/H-x86_64-pc-linux-gnu/bin/../lib/gcc/nios2-elf/5.3.0/../../../../../H-x86_64-pc-linux-gnu/nios2-elf/lib/mno-hw-mul/libc.a(lib_a-strlen.o)
 .debug_info    0x00000000000060f1      0x934 /home/erick/intelFPGA_lite/18.1/nios2eds/bin/gnu/H-x86_64-pc-linux-gnu/bin/../lib/gcc/nios2-elf/5.3.0/../../../../../H-x86_64-pc-linux-gnu/nios2-elf/lib/mno-hw-mul/libc.a(lib_a-__atexit.o)
 .debug_info    0x0000000000006a25      0x965 /home/erick/intelFPGA_lite/18.1/nios2eds/bin/gnu/H-x86_64-pc-linux-gnu/bin/../lib/gcc/nios2-elf/5.3.0/../../../../../H-x86_64-pc-linux-gnu/nios2-elf/lib/mno-hw-mul/libc.a(lib_a-__call_atexit.o)
 .debug_info    0x000000000000738a       0xb4 /home/erick/intelFPGA_lite/18.1/nios2eds/bin/gnu/H-x86_64-pc-linux-gnu/bin/../lib/gcc/nios2-elf/5.3.0/mno-hw-mul/libgcc.a(lib2-mul.o)
 .debug_info    0x000000000000743e       0xec ../TesteSoftware_bsp//libhal_bsp.a(alt_exit.o)

.debug_abbrev   0x0000000000000000     0x2916
 *(.debug_abbrev)
 .debug_abbrev  0x0000000000000000       0x12 ../TesteSoftware_bsp//obj/HAL/src/crt0.o
 .debug_abbrev  0x0000000000000012       0x62 obj/default/hello_world.o
 .debug_abbrev  0x0000000000000074       0x9f ../TesteSoftware_bsp//libhal_bsp.a(alt_load.o)
 .debug_abbrev  0x0000000000000113       0xba ../TesteSoftware_bsp//libhal_bsp.a(alt_main.o)
 .debug_abbrev  0x00000000000001cd      0x187 ../TesteSoftware_bsp//libhal_bsp.a(alt_sys_init.o)
 .debug_abbrev  0x0000000000000354      0x127 ../TesteSoftware_bsp//libhal_bsp.a(altera_avalon_jtag_uart_fd.o)
 .debug_abbrev  0x000000000000047b      0x19e ../TesteSoftware_bsp//libhal_bsp.a(altera_avalon_jtag_uart_init.o)
 .debug_abbrev  0x0000000000000619      0x111 ../TesteSoftware_bsp//libhal_bsp.a(altera_avalon_jtag_uart_ioctl.o)
 .debug_abbrev  0x000000000000072a      0x1aa ../TesteSoftware_bsp//libhal_bsp.a(altera_avalon_jtag_uart_read.o)
 .debug_abbrev  0x00000000000008d4      0x1a8 ../TesteSoftware_bsp//libhal_bsp.a(altera_avalon_jtag_uart_write.o)
 .debug_abbrev  0x0000000000000a7c      0x162 ../TesteSoftware_bsp//libhal_bsp.a(alt_alarm_start.o)
 .debug_abbrev  0x0000000000000bde      0x11f ../TesteSoftware_bsp//libhal_bsp.a(alt_close.o)
 .debug_abbrev  0x0000000000000cfd       0x42 ../TesteSoftware_bsp//libhal_bsp.a(alt_dcache_flush_all.o)
 .debug_abbrev  0x0000000000000d3f       0xd9 ../TesteSoftware_bsp//libhal_bsp.a(alt_dev.o)
 .debug_abbrev  0x0000000000000e18      0x114 ../TesteSoftware_bsp//libhal_bsp.a(alt_dev_llist_insert.o)
 .debug_abbrev  0x0000000000000f2c       0x79 ../TesteSoftware_bsp//libhal_bsp.a(alt_do_ctors.o)
 .debug_abbrev  0x0000000000000fa5       0x79 ../TesteSoftware_bsp//libhal_bsp.a(alt_do_dtors.o)
 .debug_abbrev  0x000000000000101e       0x5a ../TesteSoftware_bsp//libhal_bsp.a(alt_errno.o)
 .debug_abbrev  0x0000000000001078       0x42 ../TesteSoftware_bsp//libhal_bsp.a(alt_icache_flush_all.o)
 .debug_abbrev  0x00000000000010ba      0x163 ../TesteSoftware_bsp//libhal_bsp.a(alt_iic.o)
 .debug_abbrev  0x000000000000121d      0x169 ../TesteSoftware_bsp//libhal_bsp.a(alt_iic_isr_register.o)
 .debug_abbrev  0x0000000000001386      0x114 ../TesteSoftware_bsp//libhal_bsp.a(alt_io_redirect.o)
 .debug_abbrev  0x000000000000149a       0x12 ../TesteSoftware_bsp//libhal_bsp.a(alt_irq_entry.o)
 .debug_abbrev  0x00000000000014ac      0x122 ../TesteSoftware_bsp//libhal_bsp.a(alt_irq_handler.o)
 .debug_abbrev  0x00000000000015ce       0x40 ../TesteSoftware_bsp//libhal_bsp.a(alt_irq_vars.o)
 .debug_abbrev  0x000000000000160e      0x148 ../TesteSoftware_bsp//libhal_bsp.a(alt_open.o)
 .debug_abbrev  0x0000000000001756       0xde ../TesteSoftware_bsp//libhal_bsp.a(alt_release_fd.o)
 .debug_abbrev  0x0000000000001834      0x15a ../TesteSoftware_bsp//libhal_bsp.a(alt_tick.o)
 .debug_abbrev  0x000000000000198e       0x42 ../TesteSoftware_bsp//libhal_bsp.a(altera_nios2_gen2_irq.o)
 .debug_abbrev  0x00000000000019d0       0x12 ../TesteSoftware_bsp//libhal_bsp.a(alt_exception_entry.o)
 .debug_abbrev  0x00000000000019e2       0xf0 ../TesteSoftware_bsp//libhal_bsp.a(alt_find_dev.o)
 .debug_abbrev  0x0000000000001ad2       0xf0 ../TesteSoftware_bsp//libhal_bsp.a(alt_find_file.o)
 .debug_abbrev  0x0000000000001bc2      0x10d ../TesteSoftware_bsp//libhal_bsp.a(alt_get_fd.o)
 .debug_abbrev  0x0000000000001ccf       0xdc ../TesteSoftware_bsp//libhal_bsp.a(alt_instruction_exception_entry.o)
 .debug_abbrev  0x0000000000001dab       0xaa /home/erick/intelFPGA_lite/18.1/nios2eds/bin/gnu/H-x86_64-pc-linux-gnu/bin/../lib/gcc/nios2-elf/5.3.0/../../../../../H-x86_64-pc-linux-gnu/nios2-elf/lib/mno-hw-mul/libc.a(lib_a-atexit.o)
 .debug_abbrev  0x0000000000001e55      0x1e5 /home/erick/intelFPGA_lite/18.1/nios2eds/bin/gnu/H-x86_64-pc-linux-gnu/bin/../lib/gcc/nios2-elf/5.3.0/../../../../../H-x86_64-pc-linux-gnu/nios2-elf/lib/mno-hw-mul/libc.a(lib_a-exit.o)
 .debug_abbrev  0x000000000000203a      0x18f /home/erick/intelFPGA_lite/18.1/nios2eds/bin/gnu/H-x86_64-pc-linux-gnu/bin/../lib/gcc/nios2-elf/5.3.0/../../../../../H-x86_64-pc-linux-gnu/nios2-elf/lib/mno-hw-mul/libc.a(lib_a-impure.o)
 .debug_abbrev  0x00000000000021c9       0x37 /home/erick/intelFPGA_lite/18.1/nios2eds/bin/gnu/H-x86_64-pc-linux-gnu/bin/../lib/gcc/nios2-elf/5.3.0/../../../../../H-x86_64-pc-linux-gnu/nios2-elf/lib/mno-hw-mul/libc.a(lib_a-int_errno.o)
 .debug_abbrev  0x0000000000002200       0x7f /home/erick/intelFPGA_lite/18.1/nios2eds/bin/gnu/H-x86_64-pc-linux-gnu/bin/../lib/gcc/nios2-elf/5.3.0/../../../../../H-x86_64-pc-linux-gnu/nios2-elf/lib/mno-hw-mul/libc.a(lib_a-memcmp.o)
 .debug_abbrev  0x000000000000227f       0xa3 /home/erick/intelFPGA_lite/18.1/nios2eds/bin/gnu/H-x86_64-pc-linux-gnu/bin/../lib/gcc/nios2-elf/5.3.0/../../../../../H-x86_64-pc-linux-gnu/nios2-elf/lib/mno-hw-mul/libc.a(lib_a-memcpy.o)
 .debug_abbrev  0x0000000000002322       0x90 /home/erick/intelFPGA_lite/18.1/nios2eds/bin/gnu/H-x86_64-pc-linux-gnu/bin/../lib/gcc/nios2-elf/5.3.0/../../../../../H-x86_64-pc-linux-gnu/nios2-elf/lib/mno-hw-mul/libc.a(lib_a-strlen.o)
 .debug_abbrev  0x00000000000023b2      0x21e /home/erick/intelFPGA_lite/18.1/nios2eds/bin/gnu/H-x86_64-pc-linux-gnu/bin/../lib/gcc/nios2-elf/5.3.0/../../../../../H-x86_64-pc-linux-gnu/nios2-elf/lib/mno-hw-mul/libc.a(lib_a-__atexit.o)
 .debug_abbrev  0x00000000000025d0      0x22e /home/erick/intelFPGA_lite/18.1/nios2eds/bin/gnu/H-x86_64-pc-linux-gnu/bin/../lib/gcc/nios2-elf/5.3.0/../../../../../H-x86_64-pc-linux-gnu/nios2-elf/lib/mno-hw-mul/libc.a(lib_a-__call_atexit.o)
 .debug_abbrev  0x00000000000027fe       0x6f /home/erick/intelFPGA_lite/18.1/nios2eds/bin/gnu/H-x86_64-pc-linux-gnu/bin/../lib/gcc/nios2-elf/5.3.0/mno-hw-mul/libgcc.a(lib2-mul.o)
 .debug_abbrev  0x000000000000286d       0xa9 ../TesteSoftware_bsp//libhal_bsp.a(alt_exit.o)

.debug_line     0x0000000000000000     0x2a06
 *(.debug_line)
 .debug_line    0x0000000000000000       0x66 ../TesteSoftware_bsp//obj/HAL/src/crt0.o
 .debug_line    0x0000000000000066       0xc9 obj/default/hello_world.o
 .debug_line    0x000000000000012f       0x8e ../TesteSoftware_bsp//libhal_bsp.a(alt_load.o)
 .debug_line    0x00000000000001bd       0xa4 ../TesteSoftware_bsp//libhal_bsp.a(alt_main.o)
 .debug_line    0x0000000000000261      0x136 ../TesteSoftware_bsp//libhal_bsp.a(alt_sys_init.o)
 .debug_line    0x0000000000000397      0x12f ../TesteSoftware_bsp//libhal_bsp.a(altera_avalon_jtag_uart_fd.o)
 .debug_line    0x00000000000004c6      0x18b ../TesteSoftware_bsp//libhal_bsp.a(altera_avalon_jtag_uart_init.o)
 .debug_line    0x0000000000000651      0x131 ../TesteSoftware_bsp//libhal_bsp.a(altera_avalon_jtag_uart_ioctl.o)
 .debug_line    0x0000000000000782      0x171 ../TesteSoftware_bsp//libhal_bsp.a(altera_avalon_jtag_uart_read.o)
 .debug_line    0x00000000000008f3      0x170 ../TesteSoftware_bsp//libhal_bsp.a(altera_avalon_jtag_uart_write.o)
 .debug_line    0x0000000000000a63       0xf9 ../TesteSoftware_bsp//libhal_bsp.a(alt_alarm_start.o)
 .debug_line    0x0000000000000b5c      0x173 ../TesteSoftware_bsp//libhal_bsp.a(alt_close.o)
 .debug_line    0x0000000000000ccf       0x51 ../TesteSoftware_bsp//libhal_bsp.a(alt_dcache_flush_all.o)
 .debug_line    0x0000000000000d20      0x106 ../TesteSoftware_bsp//libhal_bsp.a(alt_dev.o)
 .debug_line    0x0000000000000e26       0xcf ../TesteSoftware_bsp//libhal_bsp.a(alt_dev_llist_insert.o)
 .debug_line    0x0000000000000ef5       0x59 ../TesteSoftware_bsp//libhal_bsp.a(alt_do_ctors.o)
 .debug_line    0x0000000000000f4e       0x59 ../TesteSoftware_bsp//libhal_bsp.a(alt_do_dtors.o)
 .debug_line    0x0000000000000fa7       0x51 ../TesteSoftware_bsp//libhal_bsp.a(alt_errno.o)
 .debug_line    0x0000000000000ff8       0x4f ../TesteSoftware_bsp//libhal_bsp.a(alt_icache_flush_all.o)
 .debug_line    0x0000000000001047       0xeb ../TesteSoftware_bsp//libhal_bsp.a(alt_iic.o)
 .debug_line    0x0000000000001132       0xdb ../TesteSoftware_bsp//libhal_bsp.a(alt_iic_isr_register.o)
 .debug_line    0x000000000000120d      0x143 ../TesteSoftware_bsp//libhal_bsp.a(alt_io_redirect.o)
 .debug_line    0x0000000000001350       0x6b ../TesteSoftware_bsp//libhal_bsp.a(alt_irq_entry.o)
 .debug_line    0x00000000000013bb       0xaa ../TesteSoftware_bsp//libhal_bsp.a(alt_irq_handler.o)
 .debug_line    0x0000000000001465       0x50 ../TesteSoftware_bsp//libhal_bsp.a(alt_irq_vars.o)
 .debug_line    0x00000000000014b5      0x12b ../TesteSoftware_bsp//libhal_bsp.a(alt_open.o)
 .debug_line    0x00000000000015e0       0xb0 ../TesteSoftware_bsp//libhal_bsp.a(alt_release_fd.o)
 .debug_line    0x0000000000001690       0xff ../TesteSoftware_bsp//libhal_bsp.a(alt_tick.o)
 .debug_line    0x000000000000178f       0x51 ../TesteSoftware_bsp//libhal_bsp.a(altera_nios2_gen2_irq.o)
 .debug_line    0x00000000000017e0       0xb3 ../TesteSoftware_bsp//libhal_bsp.a(alt_exception_entry.o)
 .debug_line    0x0000000000001893       0xb5 ../TesteSoftware_bsp//libhal_bsp.a(alt_find_dev.o)
 .debug_line    0x0000000000001948       0xd1 ../TesteSoftware_bsp//libhal_bsp.a(alt_find_file.o)
 .debug_line    0x0000000000001a19       0xd7 ../TesteSoftware_bsp//libhal_bsp.a(alt_get_fd.o)
 .debug_line    0x0000000000001af0       0xb9 ../TesteSoftware_bsp//libhal_bsp.a(alt_instruction_exception_entry.o)
 .debug_line    0x0000000000001ba9       0xe7 /home/erick/intelFPGA_lite/18.1/nios2eds/bin/gnu/H-x86_64-pc-linux-gnu/bin/../lib/gcc/nios2-elf/5.3.0/../../../../../H-x86_64-pc-linux-gnu/nios2-elf/lib/mno-hw-mul/libc.a(lib_a-atexit.o)
 .debug_line    0x0000000000001c90      0x1fc /home/erick/intelFPGA_lite/18.1/nios2eds/bin/gnu/H-x86_64-pc-linux-gnu/bin/../lib/gcc/nios2-elf/5.3.0/../../../../../H-x86_64-pc-linux-gnu/nios2-elf/lib/mno-hw-mul/libc.a(lib_a-exit.o)
 .debug_line    0x0000000000001e8c      0x160 /home/erick/intelFPGA_lite/18.1/nios2eds/bin/gnu/H-x86_64-pc-linux-gnu/bin/../lib/gcc/nios2-elf/5.3.0/../../../../../H-x86_64-pc-linux-gnu/nios2-elf/lib/mno-hw-mul/libc.a(lib_a-impure.o)
 .debug_line    0x0000000000001fec       0x5f /home/erick/intelFPGA_lite/18.1/nios2eds/bin/gnu/H-x86_64-pc-linux-gnu/bin/../lib/gcc/nios2-elf/5.3.0/../../../../../H-x86_64-pc-linux-gnu/nios2-elf/lib/mno-hw-mul/libc.a(lib_a-int_errno.o)
 .debug_line    0x000000000000204b      0x176 /home/erick/intelFPGA_lite/18.1/nios2eds/bin/gnu/H-x86_64-pc-linux-gnu/bin/../lib/gcc/nios2-elf/5.3.0/../../../../../H-x86_64-pc-linux-gnu/nios2-elf/lib/mno-hw-mul/libc.a(lib_a-memcmp.o)
 .debug_line    0x00000000000021c1      0x18c /home/erick/intelFPGA_lite/18.1/nios2eds/bin/gnu/H-x86_64-pc-linux-gnu/bin/../lib/gcc/nios2-elf/5.3.0/../../../../../H-x86_64-pc-linux-gnu/nios2-elf/lib/mno-hw-mul/libc.a(lib_a-memcpy.o)
 .debug_line    0x000000000000234d      0x16f /home/erick/intelFPGA_lite/18.1/nios2eds/bin/gnu/H-x86_64-pc-linux-gnu/bin/../lib/gcc/nios2-elf/5.3.0/../../../../../H-x86_64-pc-linux-gnu/nios2-elf/lib/mno-hw-mul/libc.a(lib_a-strlen.o)
 .debug_line    0x00000000000024bc      0x21f /home/erick/intelFPGA_lite/18.1/nios2eds/bin/gnu/H-x86_64-pc-linux-gnu/bin/../lib/gcc/nios2-elf/5.3.0/../../../../../H-x86_64-pc-linux-gnu/nios2-elf/lib/mno-hw-mul/libc.a(lib_a-__atexit.o)
 .debug_line    0x00000000000026db      0x23a /home/erick/intelFPGA_lite/18.1/nios2eds/bin/gnu/H-x86_64-pc-linux-gnu/bin/../lib/gcc/nios2-elf/5.3.0/../../../../../H-x86_64-pc-linux-gnu/nios2-elf/lib/mno-hw-mul/libc.a(lib_a-__call_atexit.o)
 .debug_line    0x0000000000002915       0x80 /home/erick/intelFPGA_lite/18.1/nios2eds/bin/gnu/H-x86_64-pc-linux-gnu/bin/../lib/gcc/nios2-elf/5.3.0/mno-hw-mul/libgcc.a(lib2-mul.o)
 .debug_line    0x0000000000002995       0x71 ../TesteSoftware_bsp//libhal_bsp.a(alt_exit.o)

.debug_frame    0x0000000000000000      0xaac
 *(.debug_frame)
 .debug_frame   0x0000000000000000       0x34 obj/default/hello_world.o
 .debug_frame   0x0000000000000034       0x5c ../TesteSoftware_bsp//libhal_bsp.a(alt_load.o)
 .debug_frame   0x0000000000000090       0x2c ../TesteSoftware_bsp//libhal_bsp.a(alt_main.o)
 .debug_frame   0x00000000000000bc       0x88 ../TesteSoftware_bsp//libhal_bsp.a(alt_sys_init.o)
 .debug_frame   0x0000000000000144       0xb0 ../TesteSoftware_bsp//libhal_bsp.a(altera_avalon_jtag_uart_fd.o)
 .debug_frame   0x00000000000001f4       0xa4 ../TesteSoftware_bsp//libhal_bsp.a(altera_avalon_jtag_uart_init.o)
 .debug_frame   0x0000000000000298       0x34 ../TesteSoftware_bsp//libhal_bsp.a(altera_avalon_jtag_uart_ioctl.o)
 .debug_frame   0x00000000000002cc       0x38 ../TesteSoftware_bsp//libhal_bsp.a(altera_avalon_jtag_uart_read.o)
 .debug_frame   0x0000000000000304       0x38 ../TesteSoftware_bsp//libhal_bsp.a(altera_avalon_jtag_uart_write.o)
 .debug_frame   0x000000000000033c       0x34 ../TesteSoftware_bsp//libhal_bsp.a(alt_alarm_start.o)
 .debug_frame   0x0000000000000370       0x60 ../TesteSoftware_bsp//libhal_bsp.a(alt_close.o)
 .debug_frame   0x00000000000003d0       0x34 ../TesteSoftware_bsp//libhal_bsp.a(alt_dcache_flush_all.o)
 .debug_frame   0x0000000000000404       0x34 ../TesteSoftware_bsp//libhal_bsp.a(alt_dev.o)
 .debug_frame   0x0000000000000438       0x60 ../TesteSoftware_bsp//libhal_bsp.a(alt_dev_llist_insert.o)
 .debug_frame   0x0000000000000498       0x38 ../TesteSoftware_bsp//libhal_bsp.a(alt_do_ctors.o)
 .debug_frame   0x00000000000004d0       0x38 ../TesteSoftware_bsp//libhal_bsp.a(alt_do_dtors.o)
 .debug_frame   0x0000000000000508       0x34 ../TesteSoftware_bsp//libhal_bsp.a(alt_icache_flush_all.o)
 .debug_frame   0x000000000000053c       0xa4 ../TesteSoftware_bsp//libhal_bsp.a(alt_iic.o)
 .debug_frame   0x00000000000005e0       0x38 ../TesteSoftware_bsp//libhal_bsp.a(alt_iic_isr_register.o)
 .debug_frame   0x0000000000000618       0x64 ../TesteSoftware_bsp//libhal_bsp.a(alt_io_redirect.o)
 .debug_frame   0x000000000000067c       0x38 ../TesteSoftware_bsp//libhal_bsp.a(alt_irq_handler.o)
 .debug_frame   0x00000000000006b4       0x8c ../TesteSoftware_bsp//libhal_bsp.a(alt_open.o)
 .debug_frame   0x0000000000000740       0x3c ../TesteSoftware_bsp//libhal_bsp.a(alt_release_fd.o)
 .debug_frame   0x000000000000077c       0x5c ../TesteSoftware_bsp//libhal_bsp.a(alt_tick.o)
 .debug_frame   0x00000000000007d8       0x34 ../TesteSoftware_bsp//libhal_bsp.a(altera_nios2_gen2_irq.o)
 .debug_frame   0x000000000000080c       0x38 ../TesteSoftware_bsp//libhal_bsp.a(alt_find_dev.o)
 .debug_frame   0x0000000000000844       0x38 ../TesteSoftware_bsp//libhal_bsp.a(alt_find_file.o)
 .debug_frame   0x000000000000087c       0x3c ../TesteSoftware_bsp//libhal_bsp.a(alt_get_fd.o)
 .debug_frame   0x00000000000008b8       0x5c ../TesteSoftware_bsp//libhal_bsp.a(alt_instruction_exception_entry.o)
 .debug_frame   0x0000000000000914       0x20 /home/erick/intelFPGA_lite/18.1/nios2eds/bin/gnu/H-x86_64-pc-linux-gnu/bin/../lib/gcc/nios2-elf/5.3.0/../../../../../H-x86_64-pc-linux-gnu/nios2-elf/lib/mno-hw-mul/libc.a(lib_a-atexit.o)
 .debug_frame   0x0000000000000934       0x28 /home/erick/intelFPGA_lite/18.1/nios2eds/bin/gnu/H-x86_64-pc-linux-gnu/bin/../lib/gcc/nios2-elf/5.3.0/../../../../../H-x86_64-pc-linux-gnu/nios2-elf/lib/mno-hw-mul/libc.a(lib_a-exit.o)
 .debug_frame   0x000000000000095c       0x20 /home/erick/intelFPGA_lite/18.1/nios2eds/bin/gnu/H-x86_64-pc-linux-gnu/bin/../lib/gcc/nios2-elf/5.3.0/../../../../../H-x86_64-pc-linux-gnu/nios2-elf/lib/mno-hw-mul/libc.a(lib_a-memcmp.o)
 .debug_frame   0x000000000000097c       0x38 /home/erick/intelFPGA_lite/18.1/nios2eds/bin/gnu/H-x86_64-pc-linux-gnu/bin/../lib/gcc/nios2-elf/5.3.0/../../../../../H-x86_64-pc-linux-gnu/nios2-elf/lib/mno-hw-mul/libc.a(lib_a-memcpy.o)
 .debug_frame   0x00000000000009b4       0x20 /home/erick/intelFPGA_lite/18.1/nios2eds/bin/gnu/H-x86_64-pc-linux-gnu/bin/../lib/gcc/nios2-elf/5.3.0/../../../../../H-x86_64-pc-linux-gnu/nios2-elf/lib/mno-hw-mul/libc.a(lib_a-strlen.o)
 .debug_frame   0x00000000000009d4       0x38 /home/erick/intelFPGA_lite/18.1/nios2eds/bin/gnu/H-x86_64-pc-linux-gnu/bin/../lib/gcc/nios2-elf/5.3.0/../../../../../H-x86_64-pc-linux-gnu/nios2-elf/lib/mno-hw-mul/libc.a(lib_a-__atexit.o)
 .debug_frame   0x0000000000000a0c       0x54 /home/erick/intelFPGA_lite/18.1/nios2eds/bin/gnu/H-x86_64-pc-linux-gnu/bin/../lib/gcc/nios2-elf/5.3.0/../../../../../H-x86_64-pc-linux-gnu/nios2-elf/lib/mno-hw-mul/libc.a(lib_a-__call_atexit.o)
 .debug_frame   0x0000000000000a60       0x20 /home/erick/intelFPGA_lite/18.1/nios2eds/bin/gnu/H-x86_64-pc-linux-gnu/bin/../lib/gcc/nios2-elf/5.3.0/mno-hw-mul/libgcc.a(lib2-mul.o)
 .debug_frame   0x0000000000000a80       0x2c ../TesteSoftware_bsp//libhal_bsp.a(alt_exit.o)

.debug_str      0x0000000000000000     0x1bb3
 *(.debug_str)
 .debug_str     0x0000000000000000       0xc3 obj/default/hello_world.o
                                         0xc8 (size before relaxing)
 .debug_str     0x00000000000000c3      0x1b4 ../TesteSoftware_bsp//libhal_bsp.a(alt_load.o)
                                        0x236 (size before relaxing)
 .debug_str     0x0000000000000277       0x70 ../TesteSoftware_bsp//libhal_bsp.a(alt_main.o)
                                        0x1c1 (size before relaxing)
 .debug_str     0x00000000000002e7      0x1a0 ../TesteSoftware_bsp//libhal_bsp.a(alt_sys_init.o)
                                        0x37a (size before relaxing)
 .debug_str     0x0000000000000487       0xb9 ../TesteSoftware_bsp//libhal_bsp.a(altera_avalon_jtag_uart_fd.o)
                                        0x3c8 (size before relaxing)
 .debug_str     0x0000000000000540       0xd1 ../TesteSoftware_bsp//libhal_bsp.a(altera_avalon_jtag_uart_init.o)
                                        0x35c (size before relaxing)
 .debug_str     0x0000000000000611       0x4a ../TesteSoftware_bsp//libhal_bsp.a(altera_avalon_jtag_uart_ioctl.o)
                                        0x2b7 (size before relaxing)
 .debug_str     0x000000000000065b       0x7f ../TesteSoftware_bsp//libhal_bsp.a(altera_avalon_jtag_uart_read.o)
                                        0x30c (size before relaxing)
 .debug_str     0x00000000000006da       0x4a ../TesteSoftware_bsp//libhal_bsp.a(altera_avalon_jtag_uart_write.o)
                                        0x30d (size before relaxing)
 .debug_str     0x0000000000000724       0x59 ../TesteSoftware_bsp//libhal_bsp.a(alt_alarm_start.o)
                                        0x2a2 (size before relaxing)
 .debug_str     0x000000000000077d       0x44 ../TesteSoftware_bsp//libhal_bsp.a(alt_close.o)
                                        0x22f (size before relaxing)
 .debug_str     0x00000000000007c1       0x34 ../TesteSoftware_bsp//libhal_bsp.a(alt_dcache_flush_all.o)
                                        0x179 (size before relaxing)
 .debug_str     0x00000000000007f5      0x120 ../TesteSoftware_bsp//libhal_bsp.a(alt_dev.o)
                                        0x329 (size before relaxing)
 .debug_str     0x0000000000000915       0x34 ../TesteSoftware_bsp//libhal_bsp.a(alt_dev_llist_insert.o)
                                        0x1f0 (size before relaxing)
 .debug_str     0x0000000000000949       0x48 ../TesteSoftware_bsp//libhal_bsp.a(alt_do_ctors.o)
                                         0xf4 (size before relaxing)
 .debug_str     0x0000000000000991       0x4c ../TesteSoftware_bsp//libhal_bsp.a(alt_do_dtors.o)
                                         0xf3 (size before relaxing)
 .debug_str     0x00000000000009dd       0x14 ../TesteSoftware_bsp//libhal_bsp.a(alt_errno.o)
                                        0x169 (size before relaxing)
 .debug_str     0x00000000000009f1       0x34 ../TesteSoftware_bsp//libhal_bsp.a(alt_icache_flush_all.o)
                                        0x179 (size before relaxing)
 .debug_str     0x0000000000000a25       0xc4 ../TesteSoftware_bsp//libhal_bsp.a(alt_iic.o)
                                        0x262 (size before relaxing)
 .debug_str     0x0000000000000ae9       0x4c ../TesteSoftware_bsp//libhal_bsp.a(alt_iic_isr_register.o)
                                        0x20c (size before relaxing)
 .debug_str     0x0000000000000b35       0x56 ../TesteSoftware_bsp//libhal_bsp.a(alt_io_redirect.o)
                                        0x33a (size before relaxing)
 .debug_str     0x0000000000000b8b       0x3a ../TesteSoftware_bsp//libhal_bsp.a(alt_irq_handler.o)
                                        0x1bb (size before relaxing)
 .debug_str     0x0000000000000bc5       0x17 ../TesteSoftware_bsp//libhal_bsp.a(alt_irq_vars.o)
                                        0x15e (size before relaxing)
 .debug_str     0x0000000000000bdc       0x2f ../TesteSoftware_bsp//libhal_bsp.a(alt_open.o)
                                        0x26f (size before relaxing)
 .debug_str     0x0000000000000c0b       0x28 ../TesteSoftware_bsp//libhal_bsp.a(alt_release_fd.o)
                                        0x1f7 (size before relaxing)
 .debug_str     0x0000000000000c33       0x4a ../TesteSoftware_bsp//libhal_bsp.a(alt_tick.o)
                                        0x276 (size before relaxing)
 .debug_str     0x0000000000000c7d       0x3b ../TesteSoftware_bsp//libhal_bsp.a(altera_nios2_gen2_irq.o)
                                        0x180 (size before relaxing)
 .debug_str     0x0000000000000cb8       0x24 ../TesteSoftware_bsp//libhal_bsp.a(alt_find_dev.o)
                                        0x210 (size before relaxing)
 .debug_str     0x0000000000000cdc       0x26 ../TesteSoftware_bsp//libhal_bsp.a(alt_find_file.o)
                                        0x21e (size before relaxing)
 .debug_str     0x0000000000000d02       0x30 ../TesteSoftware_bsp//libhal_bsp.a(alt_get_fd.o)
                                        0x240 (size before relaxing)
 .debug_str     0x0000000000000d32      0x48b ../TesteSoftware_bsp//libhal_bsp.a(alt_instruction_exception_entry.o)
                                        0x5c4 (size before relaxing)
 .debug_str     0x00000000000011bd      0x17d /home/erick/intelFPGA_lite/18.1/nios2eds/bin/gnu/H-x86_64-pc-linux-gnu/bin/../lib/gcc/nios2-elf/5.3.0/../../../../../H-x86_64-pc-linux-gnu/nios2-elf/lib/mno-hw-mul/libc.a(lib_a-atexit.o)
                                        0x222 (size before relaxing)
 .debug_str     0x000000000000133a      0x3b5 /home/erick/intelFPGA_lite/18.1/nios2eds/bin/gnu/H-x86_64-pc-linux-gnu/bin/../lib/gcc/nios2-elf/5.3.0/../../../../../H-x86_64-pc-linux-gnu/nios2-elf/lib/mno-hw-mul/libc.a(lib_a-exit.o)
                                        0x5bf (size before relaxing)
 .debug_str     0x00000000000016ef       0xd7 /home/erick/intelFPGA_lite/18.1/nios2eds/bin/gnu/H-x86_64-pc-linux-gnu/bin/../lib/gcc/nios2-elf/5.3.0/../../../../../H-x86_64-pc-linux-gnu/nios2-elf/lib/mno-hw-mul/libc.a(lib_a-impure.o)
                                        0x5b6 (size before relaxing)
 .debug_str     0x00000000000017c6       0x3f /home/erick/intelFPGA_lite/18.1/nios2eds/bin/gnu/H-x86_64-pc-linux-gnu/bin/../lib/gcc/nios2-elf/5.3.0/../../../../../H-x86_64-pc-linux-gnu/nios2-elf/lib/mno-hw-mul/libc.a(lib_a-int_errno.o)
                                        0x1de (size before relaxing)
 .debug_str     0x0000000000001805       0xdb /home/erick/intelFPGA_lite/18.1/nios2eds/bin/gnu/H-x86_64-pc-linux-gnu/bin/../lib/gcc/nios2-elf/5.3.0/../../../../../H-x86_64-pc-linux-gnu/nios2-elf/lib/mno-hw-mul/libc.a(lib_a-memcmp.o)
                                        0x1e5 (size before relaxing)
 .debug_str     0x00000000000018e0       0x6b /home/erick/intelFPGA_lite/18.1/nios2eds/bin/gnu/H-x86_64-pc-linux-gnu/bin/../lib/gcc/nios2-elf/5.3.0/../../../../../H-x86_64-pc-linux-gnu/nios2-elf/lib/mno-hw-mul/libc.a(lib_a-memcpy.o)
                                        0x20c (size before relaxing)
 .debug_str     0x000000000000194b       0x51 /home/erick/intelFPGA_lite/18.1/nios2eds/bin/gnu/H-x86_64-pc-linux-gnu/bin/../lib/gcc/nios2-elf/5.3.0/../../../../../H-x86_64-pc-linux-gnu/nios2-elf/lib/mno-hw-mul/libc.a(lib_a-strlen.o)
                                        0x1f8 (size before relaxing)
 .debug_str     0x000000000000199c       0x3f /home/erick/intelFPGA_lite/18.1/nios2eds/bin/gnu/H-x86_64-pc-linux-gnu/bin/../lib/gcc/nios2-elf/5.3.0/../../../../../H-x86_64-pc-linux-gnu/nios2-elf/lib/mno-hw-mul/libc.a(lib_a-__atexit.o)
                                        0x5f7 (size before relaxing)
 .debug_str     0x00000000000019db       0x65 /home/erick/intelFPGA_lite/18.1/nios2eds/bin/gnu/H-x86_64-pc-linux-gnu/bin/../lib/gcc/nios2-elf/5.3.0/../../../../../H-x86_64-pc-linux-gnu/nios2-elf/lib/mno-hw-mul/libc.a(lib_a-__call_atexit.o)
                                        0x5e3 (size before relaxing)
 .debug_str     0x0000000000001a40      0x149 /home/erick/intelFPGA_lite/18.1/nios2eds/bin/gnu/H-x86_64-pc-linux-gnu/bin/../lib/gcc/nios2-elf/5.3.0/mno-hw-mul/libgcc.a(lib2-mul.o)
                                        0x194 (size before relaxing)
 .debug_str     0x0000000000001b89       0x2a ../TesteSoftware_bsp//libhal_bsp.a(alt_exit.o)
                                        0x175 (size before relaxing)

.debug_loc      0x0000000000000000      0x803
 *(.debug_loc)
 .debug_loc     0x0000000000000000       0x2c /home/erick/intelFPGA_lite/18.1/nios2eds/bin/gnu/H-x86_64-pc-linux-gnu/bin/../lib/gcc/nios2-elf/5.3.0/../../../../../H-x86_64-pc-linux-gnu/nios2-elf/lib/mno-hw-mul/libc.a(lib_a-atexit.o)
 .debug_loc     0x000000000000002c       0x1e /home/erick/intelFPGA_lite/18.1/nios2eds/bin/gnu/H-x86_64-pc-linux-gnu/bin/../lib/gcc/nios2-elf/5.3.0/../../../../../H-x86_64-pc-linux-gnu/nios2-elf/lib/mno-hw-mul/libc.a(lib_a-exit.o)
 .debug_loc     0x000000000000004a      0x126 /home/erick/intelFPGA_lite/18.1/nios2eds/bin/gnu/H-x86_64-pc-linux-gnu/bin/../lib/gcc/nios2-elf/5.3.0/../../../../../H-x86_64-pc-linux-gnu/nios2-elf/lib/mno-hw-mul/libc.a(lib_a-memcmp.o)
 .debug_loc     0x0000000000000170      0x266 /home/erick/intelFPGA_lite/18.1/nios2eds/bin/gnu/H-x86_64-pc-linux-gnu/bin/../lib/gcc/nios2-elf/5.3.0/../../../../../H-x86_64-pc-linux-gnu/nios2-elf/lib/mno-hw-mul/libc.a(lib_a-memcpy.o)
 .debug_loc     0x00000000000003d6       0x47 /home/erick/intelFPGA_lite/18.1/nios2eds/bin/gnu/H-x86_64-pc-linux-gnu/bin/../lib/gcc/nios2-elf/5.3.0/../../../../../H-x86_64-pc-linux-gnu/nios2-elf/lib/mno-hw-mul/libc.a(lib_a-strlen.o)
 .debug_loc     0x000000000000041d      0x185 /home/erick/intelFPGA_lite/18.1/nios2eds/bin/gnu/H-x86_64-pc-linux-gnu/bin/../lib/gcc/nios2-elf/5.3.0/../../../../../H-x86_64-pc-linux-gnu/nios2-elf/lib/mno-hw-mul/libc.a(lib_a-__atexit.o)
 .debug_loc     0x00000000000005a2      0x1ce /home/erick/intelFPGA_lite/18.1/nios2eds/bin/gnu/H-x86_64-pc-linux-gnu/bin/../lib/gcc/nios2-elf/5.3.0/../../../../../H-x86_64-pc-linux-gnu/nios2-elf/lib/mno-hw-mul/libc.a(lib_a-__call_atexit.o)
 .debug_loc     0x0000000000000770       0x93 /home/erick/intelFPGA_lite/18.1/nios2eds/bin/gnu/H-x86_64-pc-linux-gnu/bin/../lib/gcc/nios2-elf/5.3.0/mno-hw-mul/libgcc.a(lib2-mul.o)

.debug_macinfo
 *(.debug_macinfo)

.debug_weaknames
 *(.debug_weaknames)

.debug_funcnames
 *(.debug_funcnames)

.debug_typenames
 *(.debug_typenames)

.debug_varnames
 *(.debug_varnames)

.debug_alt_sim_info
                0x0000000000000000       0x10
 *(.debug_alt_sim_info)
 .debug_alt_sim_info
                0x0000000000000000       0x10 ../TesteSoftware_bsp//obj/HAL/src/crt0.o
                0x0000000000030000                __alt_data_end = 0x30000
                0x0000000000030000                PROVIDE (__alt_stack_pointer, __alt_data_end)
                [!provide]                        PROVIDE (__alt_stack_limit, __alt_stack_base)
                [!provide]                        PROVIDE (__alt_heap_start, end)
                [!provide]                        PROVIDE (__alt_heap_limit, 0x30000)
OUTPUT(TesteSoftware.elf elf32-littlenios2)

.debug_ranges   0x0000000000000000      0x178
 .debug_ranges  0x0000000000000000       0x20 ../TesteSoftware_bsp//obj/HAL/src/crt0.o
 .debug_ranges  0x0000000000000020       0x30 ../TesteSoftware_bsp//libhal_bsp.a(altera_avalon_jtag_uart_init.o)
 .debug_ranges  0x0000000000000050       0x18 ../TesteSoftware_bsp//libhal_bsp.a(altera_avalon_jtag_uart_read.o)
 .debug_ranges  0x0000000000000068       0x28 ../TesteSoftware_bsp//libhal_bsp.a(alt_irq_entry.o)
 .debug_ranges  0x0000000000000090       0x10 ../TesteSoftware_bsp//libhal_bsp.a(alt_irq_handler.o)
 .debug_ranges  0x00000000000000a0       0x30 ../TesteSoftware_bsp//libhal_bsp.a(alt_exception_entry.o)
 .debug_ranges  0x00000000000000d0       0x18 ../TesteSoftware_bsp//libhal_bsp.a(alt_instruction_exception_entry.o)
 .debug_ranges  0x00000000000000e8       0x10 /home/erick/intelFPGA_lite/18.1/nios2eds/bin/gnu/H-x86_64-pc-linux-gnu/bin/../lib/gcc/nios2-elf/5.3.0/../../../../../H-x86_64-pc-linux-gnu/nios2-elf/lib/mno-hw-mul/libc.a(lib_a-atexit.o)
 .debug_ranges  0x00000000000000f8       0x10 /home/erick/intelFPGA_lite/18.1/nios2eds/bin/gnu/H-x86_64-pc-linux-gnu/bin/../lib/gcc/nios2-elf/5.3.0/../../../../../H-x86_64-pc-linux-gnu/nios2-elf/lib/mno-hw-mul/libc.a(lib_a-exit.o)
 .debug_ranges  0x0000000000000108       0x10 /home/erick/intelFPGA_lite/18.1/nios2eds/bin/gnu/H-x86_64-pc-linux-gnu/bin/../lib/gcc/nios2-elf/5.3.0/../../../../../H-x86_64-pc-linux-gnu/nios2-elf/lib/mno-hw-mul/libc.a(lib_a-memcmp.o)
 .debug_ranges  0x0000000000000118       0x10 /home/erick/intelFPGA_lite/18.1/nios2eds/bin/gnu/H-x86_64-pc-linux-gnu/bin/../lib/gcc/nios2-elf/5.3.0/../../../../../H-x86_64-pc-linux-gnu/nios2-elf/lib/mno-hw-mul/libc.a(lib_a-memcpy.o)
 .debug_ranges  0x0000000000000128       0x10 /home/erick/intelFPGA_lite/18.1/nios2eds/bin/gnu/H-x86_64-pc-linux-gnu/bin/../lib/gcc/nios2-elf/5.3.0/../../../../../H-x86_64-pc-linux-gnu/nios2-elf/lib/mno-hw-mul/libc.a(lib_a-strlen.o)
 .debug_ranges  0x0000000000000138       0x10 /home/erick/intelFPGA_lite/18.1/nios2eds/bin/gnu/H-x86_64-pc-linux-gnu/bin/../lib/gcc/nios2-elf/5.3.0/../../../../../H-x86_64-pc-linux-gnu/nios2-elf/lib/mno-hw-mul/libc.a(lib_a-__atexit.o)
 .debug_ranges  0x0000000000000148       0x30 /home/erick/intelFPGA_lite/18.1/nios2eds/bin/gnu/H-x86_64-pc-linux-gnu/bin/../lib/gcc/nios2-elf/5.3.0/../../../../../H-x86_64-pc-linux-gnu/nios2-elf/lib/mno-hw-mul/libc.a(lib_a-__call_atexit.o)
